Der Buildvorgang wurde am 26.06.2025 10:41:27 gestartet.
     1>Projekt "c:\Users\toyin\AICO\backend\tests\AICO.IntegrationTests\AICO.IntegrationTests.csproj" auf Knoten "1", Restore Ziel(e).
     1>_GetAllRestoreProjectPathItems:
         Wiederherzustellende Projekte werden ermittelt...
       Restore:
         Bei der Überprüfung der X.509-Zertifikatkette wird der von .NET ausgewählte Standardvertrauensspeicher für Codesignaturen verwendet.
         Bei der Überprüfung der X.509-Zertifikatkette wird der von .NET ausgewählte Standardvertrauensspeicher für Zeitstempel verwendet.
         Die Assetdatei wurde nicht geändert. Das Schreiben der Assetdatei wird übersprungen. Pfad: c:\Users\toyin\AICO\backend\src\AICO.Domain\obj\project.assets.json
         Die Assetdatei wurde nicht geändert. Das Schreiben der Assetdatei wird übersprungen. Pfad: c:\Users\toyin\AICO\backend\src\AICO.Shared\obj\project.assets.json
         Die Assetdatei wurde nicht geändert. Das Schreiben der Assetdatei wird übersprungen. Pfad: c:\Users\toyin\AICO\backend\src\AICO.Application\obj\project.assets.json
         Die Assetdatei wurde nicht geändert. Das Schreiben der Assetdatei wird übersprungen. Pfad: c:\Users\toyin\AICO\backend\src\AICO.API\obj\project.assets.json
         Die Assetdatei wurde nicht geändert. Das Schreiben der Assetdatei wird übersprungen. Pfad: c:\Users\toyin\AICO\backend\src\AICO.Infrastructure\obj\project.assets.json
         Die Assetdatei wurde nicht geändert. Das Schreiben der Assetdatei wird übersprungen. Pfad: c:\Users\toyin\AICO\backend\tests\AICO.IntegrationTests\obj\project.assets.json
         "c:\Users\toyin\AICO\backend\src\AICO.Application\AICO.Application.csproj" wiederhergestellt (in "247 ms.").
         "c:\Users\toyin\AICO\backend\src\AICO.API\AICO.API.csproj" wiederhergestellt (in "244 ms.").
         "c:\Users\toyin\AICO\backend\src\AICO.Infrastructure\AICO.Infrastructure.csproj" wiederhergestellt (in "245 ms.").
         "c:\Users\toyin\AICO\backend\src\AICO.Domain\AICO.Domain.csproj" wiederhergestellt (in "245 ms.").
         "c:\Users\toyin\AICO\backend\tests\AICO.IntegrationTests\AICO.IntegrationTests.csproj" wiederhergestellt (in "252 ms.").
         "c:\Users\toyin\AICO\backend\src\AICO.Shared\AICO.Shared.csproj" wiederhergestellt (in "245 ms.").
         
         Verwendete NuGet-Konfigurationsdateien:
             C:\Users\toyin\AppData\Roaming\NuGet\NuGet.Config
             C:\Program Files (x86)\NuGet\Config\Microsoft.VisualStudio.FallbackLocation.config
             C:\Program Files (x86)\NuGet\Config\Microsoft.VisualStudio.Offline.config
         
         Verwendete Feeds:
             https://api.nuget.org/v3/index.json
             C:\Program Files (x86)\Microsoft SDKs\NuGetPackages\
         Alle Projekte sind für die Wiederherstellung auf dem neuesten Stand.
     1>Die Erstellung von Projekt "c:\Users\toyin\AICO\backend\tests\AICO.IntegrationTests\AICO.IntegrationTests.csproj" ist abgeschlossen (Restore Ziel(e)).
   1:7>Projekt "c:\Users\toyin\AICO\backend\tests\AICO.IntegrationTests\AICO.IntegrationTests.csproj" auf Knoten "3" (Standardziele).
   1:7>Das Projekt "c:\Users\toyin\AICO\backend\tests\AICO.IntegrationTests\AICO.IntegrationTests.csproj" (1:7) erstellt "c:\Users\toyin\AICO\backend\src\AICO.Shared\AICO.Shared.csproj" (5:9) auf Knoten "4" (Standardziele).
     5>GenerateTargetFrameworkMonikerAttribute:
       Das Ziel "GenerateTargetFrameworkMonikerAttribute" wird übersprungen, da alle Ausgabedateien hinsichtlich der Eingabedateien aktuell sind.
       CoreGenerateAssemblyInfo:
       Das Ziel "CoreGenerateAssemblyInfo" wird übersprungen, da alle Ausgabedateien hinsichtlich der Eingabedateien aktuell sind.
       _GenerateSourceLinkFile:
         Die Quellverknüpfungsdatei 'obj\Debug\net8.0\AICO.Shared.sourcelink.json' ist aktuell.
       CoreCompile:
       Das Ziel "CoreCompile" wird übersprungen, da alle Ausgabedateien hinsichtlich der Eingabedateien aktuell sind.
       GenerateBuildDependencyFile:
       Das Ziel "GenerateBuildDependencyFile" wird übersprungen, da alle Ausgabedateien hinsichtlich der Eingabedateien aktuell sind.
       CopyFilesToOutputDirectory:
         AICO.Shared -> c:\Users\toyin\AICO\backend\src\AICO.Shared\bin\Debug\net8.0\AICO.Shared.dll
     5>Die Erstellung von Projekt "c:\Users\toyin\AICO\backend\src\AICO.Shared\AICO.Shared.csproj" ist abgeschlossen (Standardziele).
   1:7>Das Projekt "c:\Users\toyin\AICO\backend\tests\AICO.IntegrationTests\AICO.IntegrationTests.csproj" (1:7) erstellt "c:\Users\toyin\AICO\backend\src\AICO.Domain\AICO.Domain.csproj" (6:7) auf Knoten "5" (Standardziele).
     6>GenerateTargetFrameworkMonikerAttribute:
       Das Ziel "GenerateTargetFrameworkMonikerAttribute" wird übersprungen, da alle Ausgabedateien hinsichtlich der Eingabedateien aktuell sind.
       CoreGenerateAssemblyInfo:
       Das Ziel "CoreGenerateAssemblyInfo" wird übersprungen, da alle Ausgabedateien hinsichtlich der Eingabedateien aktuell sind.
       _GenerateSourceLinkFile:
         Die Quellverknüpfungsdatei 'obj\Debug\net8.0\AICO.Domain.sourcelink.json' ist aktuell.
       CoreCompile:
       Das Ziel "CoreCompile" wird übersprungen, da alle Ausgabedateien hinsichtlich der Eingabedateien aktuell sind.
       GenerateBuildDependencyFile:
       Das Ziel "GenerateBuildDependencyFile" wird übersprungen, da alle Ausgabedateien hinsichtlich der Eingabedateien aktuell sind.
       CopyFilesToOutputDirectory:
         AICO.Domain -> c:\Users\toyin\AICO\backend\src\AICO.Domain\bin\Debug\net8.0\AICO.Domain.dll
     6>Die Erstellung von Projekt "c:\Users\toyin\AICO\backend\src\AICO.Domain\AICO.Domain.csproj" ist abgeschlossen (Standardziele).
   1:7>Das Projekt "c:\Users\toyin\AICO\backend\tests\AICO.IntegrationTests\AICO.IntegrationTests.csproj" (1:7) erstellt "c:\Users\toyin\AICO\backend\src\AICO.Application\AICO.Application.csproj" (3:8) auf Knoten "1" (Standardziele).
     3>GenerateTargetFrameworkMonikerAttribute:
       Das Ziel "GenerateTargetFrameworkMonikerAttribute" wird übersprungen, da alle Ausgabedateien hinsichtlich der Eingabedateien aktuell sind.
       CoreGenerateAssemblyInfo:
       Das Ziel "CoreGenerateAssemblyInfo" wird übersprungen, da alle Ausgabedateien hinsichtlich der Eingabedateien aktuell sind.
       _GenerateSourceLinkFile:
         Die Quellverknüpfungsdatei 'obj\Debug\net8.0\AICO.Application.sourcelink.json' ist aktuell.
       CoreCompile:
       Das Ziel "CoreCompile" wird übersprungen, da alle Ausgabedateien hinsichtlich der Eingabedateien aktuell sind.
       GenerateBuildDependencyFile:
       Das Ziel "GenerateBuildDependencyFile" wird übersprungen, da alle Ausgabedateien hinsichtlich der Eingabedateien aktuell sind.
       CopyFilesToOutputDirectory:
         AICO.Application -> c:\Users\toyin\AICO\backend\src\AICO.Application\bin\Debug\net8.0\AICO.Application.dll
     3>Die Erstellung von Projekt "c:\Users\toyin\AICO\backend\src\AICO.Application\AICO.Application.csproj" ist abgeschlossen (Standardziele).
   1:7>Das Projekt "c:\Users\toyin\AICO\backend\tests\AICO.IntegrationTests\AICO.IntegrationTests.csproj" (1:7) erstellt "c:\Users\toyin\AICO\backend\src\AICO.Infrastructure\AICO.Infrastructure.csproj" (4:7) auf Knoten "2" (Standardziele).
     4>GenerateTargetFrameworkMonikerAttribute:
       Das Ziel "GenerateTargetFrameworkMonikerAttribute" wird übersprungen, da alle Ausgabedateien hinsichtlich der Eingabedateien aktuell sind.
       CoreGenerateAssemblyInfo:
       Das Ziel "CoreGenerateAssemblyInfo" wird übersprungen, da alle Ausgabedateien hinsichtlich der Eingabedateien aktuell sind.
       _GenerateSourceLinkFile:
         Die Quellverknüpfungsdatei 'obj\Debug\net8.0\AICO.Infrastructure.sourcelink.json' ist aktuell.
       CoreCompile:
       Das Ziel "CoreCompile" wird übersprungen, da alle Ausgabedateien hinsichtlich der Eingabedateien aktuell sind.
       GenerateBuildDependencyFile:
       Das Ziel "GenerateBuildDependencyFile" wird übersprungen, da alle Ausgabedateien hinsichtlich der Eingabedateien aktuell sind.
       GenerateBuildRuntimeConfigurationFiles:
       Das Ziel "GenerateBuildRuntimeConfigurationFiles" wird übersprungen, da alle Ausgabedateien hinsichtlich der Eingabedateien aktuell sind.
       CopyFilesToOutputDirectory:
         AICO.Infrastructure -> c:\Users\toyin\AICO\backend\src\AICO.Infrastructure\bin\Debug\net8.0\AICO.Infrastructure.dll
     4>Die Erstellung von Projekt "c:\Users\toyin\AICO\backend\src\AICO.Infrastructure\AICO.Infrastructure.csproj" ist abgeschlossen (Standardziele).
   1:7>Das Projekt "c:\Users\toyin\AICO\backend\tests\AICO.IntegrationTests\AICO.IntegrationTests.csproj" (1:7) erstellt "c:\Users\toyin\AICO\backend\src\AICO.API\AICO.API.csproj" (2:6) auf Knoten "3" (Standardziele).
     2>GenerateTargetFrameworkMonikerAttribute:
       Das Ziel "GenerateTargetFrameworkMonikerAttribute" wird übersprungen, da alle Ausgabedateien hinsichtlich der Eingabedateien aktuell sind.
       CoreGenerateAssemblyInfo:
       Das Ziel "CoreGenerateAssemblyInfo" wird übersprungen, da alle Ausgabedateien hinsichtlich der Eingabedateien aktuell sind.
       _DiscoverMvcApplicationParts:
       Das Ziel "_DiscoverMvcApplicationParts" wird übersprungen, da alle Ausgabedateien hinsichtlich der Eingabedateien aktuell sind.
       _GenerateSourceLinkFile:
         Die Quellverknüpfungsdatei 'obj\Debug\net8.0\AICO.API.sourcelink.json' ist aktuell.
       CoreCompile:
       Das Ziel "CoreCompile" wird übersprungen, da alle Ausgabedateien hinsichtlich der Eingabedateien aktuell sind.
       _CreateAppHost:
       Das Ziel "_CreateAppHost" wird übersprungen, da alle Ausgabedateien hinsichtlich der Eingabedateien aktuell sind.
       _ProcessScopedCssFiles:
       Das Ziel "_ProcessScopedCssFiles" wird übersprungen, da es keine Ausgaben enthält.
       _ProcessScopedCssFiles:
       Das Ziel "_ProcessScopedCssFiles" wird übersprungen, da es keine Ausgaben enthält.
       _BuildCopyStaticWebAssetsPreserveNewest:
       Das Ziel "_BuildCopyStaticWebAssetsPreserveNewest" wird übersprungen, da es keine Ausgaben enthält.
       _CopyOutOfDateSourceItemsToOutputDirectory:
       Das Ziel "_CopyOutOfDateSourceItemsToOutputDirectory" wird übersprungen, da alle Ausgabedateien hinsichtlich der Eingabedateien aktuell sind.
       GenerateBuildDependencyFile:
       Das Ziel "GenerateBuildDependencyFile" wird übersprungen, da alle Ausgabedateien hinsichtlich der Eingabedateien aktuell sind.
       GenerateBuildRuntimeConfigurationFiles:
       Das Ziel "GenerateBuildRuntimeConfigurationFiles" wird übersprungen, da alle Ausgabedateien hinsichtlich der Eingabedateien aktuell sind.
       CopyFilesToOutputDirectory:
         AICO.API -> c:\Users\toyin\AICO\backend\src\AICO.API\bin\Debug\net8.0\AICO.API.dll
     2>Die Erstellung von Projekt "c:\Users\toyin\AICO\backend\src\AICO.API\AICO.API.csproj" ist abgeschlossen (Standardziele).
     1>GenerateTargetFrameworkMonikerAttribute:
       Das Ziel "GenerateTargetFrameworkMonikerAttribute" wird übersprungen, da alle Ausgabedateien hinsichtlich der Eingabedateien aktuell sind.
       CoreGenerateAssemblyInfo:
       Das Ziel "CoreGenerateAssemblyInfo" wird übersprungen, da alle Ausgabedateien hinsichtlich der Eingabedateien aktuell sind.
       _GenerateSourceLinkFile:
         Die Quellverknüpfungsdatei 'obj\Debug\net8.0\AICO.IntegrationTests.sourcelink.json' ist aktuell.
       CoreCompile:
         C:\Program Files\dotnet\dotnet.exe exec "C:\Program Files\dotnet\sdk\9.0.301\Roslyn\bincore\csc.dll" /noconfig /unsafe- /checked- /nowarn:1701,1702,1701,1702 /fullpaths /nostdlib+ /errorreport:prompt /warn:8 /define:TRACE;DEBUG;NET;NET8_0;NETCOREAPP;NET5_0_OR_GREATER;NET6_0_OR_GREATER;NET7_0_OR_GREATER;NET8_0_OR_GREATER;NETCOREAPP1_0_OR_GREATER;NETCOREAPP1_1_OR_GREATER;NETCOREAPP2_0_OR_GREATER;NETCOREAPP2_1_OR_GREATER;NETCOREAPP2_2_OR_GREATER;NETCOREAPP3_0_OR_GREATER;NETCOREAPP3_1_OR_GREATER /highentropyva+ /nullable:enable /reference:c:\Users\toyin\AICO\backend\src\AICO.API\obj\Debug\net8.0\ref\AICO.API.dll /reference:c:\Users\toyin\AICO\backend\src\AICO.Application\obj\Debug\net8.0\ref\AICO.Application.dll /reference:c:\Users\toyin\AICO\backend\src\AICO.Domain\obj\Debug\net8.0\ref\AICO.Domain.dll /reference:c:\Users\toyin\AICO\backend\src\AICO.Infrastructure\obj\Debug\net8.0\ref\AICO.Infrastructure.dll /reference:c:\Users\toyin\AICO\backend\src\AICO.Shared\obj\Debug\net8.0\ref\AICO.Shared.dll /reference:C:\Users\toyin\.nuget\packages\automapper\12.0.1\lib\netstandard2.1\AutoMapper.dll /reference:C:\Users\toyin\.nuget\packages\azure.ai.openai\2.1.0\lib\netstandard2.0\Azure.AI.OpenAI.dll /reference:C:\Users\toyin\.nuget\packages\azure.core\1.44.1\lib\net6.0\Azure.Core.dll /reference:C:\Users\toyin\.nuget\packages\azure.identity\1.7.0\lib\netstandard2.0\Azure.Identity.dll /reference:C:\Users\toyin\.nuget\packages\castle.core\5.1.1\lib\net6.0\Castle.Core.dll /reference:C:\Users\toyin\.nuget\packages\fluentassertions\6.12.0\lib\net6.0\FluentAssertions.dll /reference:C:\Users\toyin\.nuget\packages\fluentvalidation\11.8.1\lib\net7.0\FluentValidation.dll /reference:C:\Users\toyin\.nuget\packages\humanizer.core\2.14.1\lib\net6.0\Humanizer.dll /reference:C:\Users\toyin\.nuget\packages\mathnet.numerics\5.0.0\lib\net6.0\MathNet.Numerics.dll /reference:C:\Users\toyin\.nuget\packages\mediatr.contracts\2.0.1\lib\netstandard2.0\MediatR.Contracts.dll /reference:C:\Users\toyin\.nuget\packages\mediatr\12.2.0\lib\net6.0\MediatR.dll /reference:"C:\Program Files\dotnet\packs\Microsoft.AspNetCore.App.Ref\8.0.17\ref\net8.0\Microsoft.AspNetCore.Antiforgery.dll" /reference:"C:\Program Files\dotnet\packs\Microsoft.AspNetCore.App.Ref\8.0.17\ref\net8.0\Microsoft.AspNetCore.Authentication.Abstractions.dll" /reference:"C:\Program Files\dotnet\packs\Microsoft.AspNetCore.App.Ref\8.0.17\ref\net8.0\Microsoft.AspNetCore.Authentication.BearerToken.dll" /reference:"C:\Program Files\dotnet\packs\Microsoft.AspNetCore.App.Ref\8.0.17\ref\net8.0\Microsoft.AspNetCore.Authentication.Cookies.dll" /reference:"C:\Program Files\dotnet\packs\Microsoft.AspNetCore.App.Ref\8.0.17\ref\net8.0\Microsoft.AspNetCore.Authentication.Core.dll" /reference:"C:\Program Files\dotnet\packs\Microsoft.AspNetCore.App.Ref\8.0.17\ref\net8.0\Microsoft.AspNetCore.Authentication.dll" /reference:C:\Users\toyin\.nuget\packages\microsoft.aspnetcore.authentication.jwtbearer\8.0.0\lib\net8.0\Microsoft.AspNetCore.Authentication.JwtBearer.dll /reference:"C:\Program Files\dotnet\packs\Microsoft.AspNetCore.App.Ref\8.0.17\ref\net8.0\Microsoft.AspNetCore.Authentication.OAuth.dll" /reference:"C:\Program Files\dotnet\packs\Microsoft.AspNetCore.App.Ref\8.0.17\ref\net8.0\Microsoft.AspNetCore.Authorization.dll" /reference:"C:\Program Files\dotnet\packs\Microsoft.AspNetCore.App.Ref\8.0.17\ref\net8.0\Microsoft.AspNetCore.Authorization.Policy.dll" /reference:"C:\Program Files\dotnet\packs\Microsoft.AspNetCore.App.Ref\8.0.17\ref\net8.0\Microsoft.AspNetCore.Components.Authorization.dll" /reference:"C:\Program Files\dotnet\packs\Microsoft.AspNetCore.App.Ref\8.0.17\ref\net8.0\Microsoft.AspNetCore.Components.dll" /reference:"C:\Program Files\dotnet\packs\Microsoft.AspNetCore.App.Ref\8.0.17\ref\net8.0\Microsoft.AspNetCore.Components.Endpoints.dll" /reference:"C:\Program Files\dotnet\packs\Microsoft.AspNetCore.App.Ref\8.0.17\ref\net8.0\Microsoft.AspNetCore.Components.Forms.dll" /reference:"C:\Program Files\dotnet\packs\Microsoft.AspNetCore.App.Ref\8.0.17\ref\net8.0\Microsoft.AspNetCore.Components.Server.dll" /reference:"C:\Program Files\dotnet\packs\Microsoft.AspNetCore.App.Ref\8.0.17\ref\net8.0\Microsoft.AspNetCore.Components.Web.dll" /reference:"C:\Program Files\dotnet\packs\Microsoft.AspNetCore.App.Ref\8.0.17\ref\net8.0\Microsoft.AspNetCore.Connections.Abstractions.dll" /reference:"C:\Program Files\dotnet\packs\Microsoft.AspNetCore.App.Ref\8.0.17\ref\net8.0\Microsoft.AspNetCore.CookiePolicy.dll" /reference:"C:\Program Files\dotnet\packs\Microsoft.AspNetCore.App.Ref\8.0.17\ref\net8.0\Microsoft.AspNetCore.Cors.dll" /reference:"C:\Program Files\dotnet\packs\Microsoft.AspNetCore.App.Ref\8.0.17\ref\net8.0\Microsoft.AspNetCore.Cryptography.Internal.dll" /reference:"C:\Program Files\dotnet\packs\Microsoft.AspNetCore.App.Ref\8.0.17\ref\net8.0\Microsoft.AspNetCore.Cryptography.KeyDerivation.dll" /reference:"C:\Program Files\dotnet\packs\Microsoft.AspNetCore.App.Ref\8.0.17\ref\net8.0\Microsoft.AspNetCore.DataProtection.Abstractions.dll" /reference:"C:\Program Files\dotnet\packs\Microsoft.AspNetCore.App.Ref\8.0.17\ref\net8.0\Microsoft.AspNetCore.DataProtection.dll" /reference:"C:\Program Files\dotnet\packs\Microsoft.AspNetCore.App.Ref\8.0.17\ref\net8.0\Microsoft.AspNetCore.DataProtection.Extensions.dll" /reference:"C:\Program Files\dotnet\packs\Microsoft.AspNetCore.App.Ref\8.0.17\ref\net8.0\Microsoft.AspNetCore.Diagnostics.Abstractions.dll" /reference:"C:\Program Files\dotnet\packs\Microsoft.AspNetCore.App.Ref\8.0.17\ref\net8.0\Microsoft.AspNetCore.Diagnostics.dll" /reference:"C:\Program Files\dotnet\packs\Microsoft.AspNetCore.App.Ref\8.0.17\ref\net8.0\Microsoft.AspNetCore.Diagnostics.HealthChecks.dll" /reference:"C:\Program Files\dotnet\packs\Microsoft.AspNetCore.App.Ref\8.0.17\ref\net8.0\Microsoft.AspNetCore.dll" /reference:"C:\Program Files\dotnet\packs\Microsoft.AspNetCore.App.Ref\8.0.17\ref\net8.0\Microsoft.AspNetCore.HostFiltering.dll" /reference:"C:\Program Files\dotnet\packs\Microsoft.AspNetCore.App.Ref\8.0.17\ref\net8.0\Microsoft.AspNetCore.Hosting.Abstractions.dll" /reference:"C:\Program Files\dotnet\packs\Microsoft.AspNetCore.App.Ref\8.0.17\ref\net8.0\Microsoft.AspNetCore.Hosting.dll" /reference:"C:\Program Files\dotnet\packs\Microsoft.AspNetCore.App.Ref\8.0.17\ref\net8.0\Microsoft.AspNetCore.Hosting.Server.Abstractions.dll" /reference:"C:\Program Files\dotnet\packs\Microsoft.AspNetCore.App.Ref\8.0.17\ref\net8.0\Microsoft.AspNetCore.Html.Abstractions.dll" /reference:"C:\Program Files\dotnet\packs\Microsoft.AspNetCore.App.Ref\8.0.17\ref\net8.0\Microsoft.AspNetCore.Http.Abstractions.dll" /reference:"C:\Program Files\dotnet\packs\Microsoft.AspNetCore.App.Ref\8.0.17\ref\net8.0\Microsoft.AspNetCore.Http.Connections.Common.dll" /reference:"C:\Program Files\dotnet\packs\Microsoft.AspNetCore.App.Ref\8.0.17\ref\net8.0\Microsoft.AspNetCore.Http.Connections.dll" /reference:"C:\Program Files\dotnet\packs\Microsoft.AspNetCore.App.Ref\8.0.17\ref\net8.0\Microsoft.AspNetCore.Http.dll" /reference:"C:\Program Files\dotnet\packs\Microsoft.AspNetCore.App.Ref\8.0.17\ref\net8.0\Microsoft.AspNetCore.Http.Extensions.dll" /reference:"C:\Program Files\dotnet\packs\Microsoft.AspNetCore.App.Ref\8.0.17\ref\net8.0\Microsoft.AspNetCore.Http.Features.dll" /reference:"C:\Program Files\dotnet\packs\Microsoft.AspNetCore.App.Ref\8.0.17\ref\net8.0\Microsoft.AspNetCore.Http.Results.dll" /reference:"C:\Program Files\dotnet\packs\Microsoft.AspNetCore.App.Ref\8.0.17\ref\net8.0\Microsoft.AspNetCore.HttpLogging.dll" /reference:"C:\Program Files\dotnet\packs\Microsoft.AspNetCore.App.Ref\8.0.17\ref\net8.0\Microsoft.AspNetCore.HttpOverrides.dll" /reference:"C:\Program Files\dotnet\packs\Microsoft.AspNetCore.App.Ref\8.0.17\ref\net8.0\Microsoft.AspNetCore.HttpsPolicy.dll" /reference:"C:\Program Files\dotnet\packs\Microsoft.AspNetCore.App.Ref\8.0.17\ref\net8.0\Microsoft.AspNetCore.Identity.dll" /reference:"C:\Program Files\dotnet\packs\Microsoft.AspNetCore.App.Ref\8.0.17\ref\net8.0\Microsoft.AspNetCore.Localization.dll" /reference:"C:\Program Files\dotnet\packs\Microsoft.AspNetCore.App.Ref\8.0.17\ref\net8.0\Microsoft.AspNetCore.Localization.Routing.dll" /reference:"C:\Program Files\dotnet\packs\Microsoft.AspNetCore.App.Ref\8.0.17\ref\net8.0\Microsoft.AspNetCore.Metadata.dll" /reference:"C:\Program Files\dotnet\packs\Microsoft.AspNetCore.App.Ref\8.0.17\ref\net8.0\Microsoft.AspNetCore.Mvc.Abstractions.dll" /reference:"C:\Program Files\dotnet\packs\Microsoft.AspNetCore.App.Ref\8.0.17\ref\net8.0\Microsoft.AspNetCore.Mvc.ApiExplorer.dll" /reference:"C:\Program Files\dotnet\packs\Microsoft.AspNetCore.App.Ref\8.0.17\ref\net8.0\Microsoft.AspNetCore.Mvc.Core.dll" /reference:"C:\Program Files\dotnet\packs\Microsoft.AspNetCore.App.Ref\8.0.17\ref\net8.0\Microsoft.AspNetCore.Mvc.Cors.dll" /reference:"C:\Program Files\dotnet\packs\Microsoft.AspNetCore.App.Ref\8.0.17\ref\net8.0\Microsoft.AspNetCore.Mvc.DataAnnotations.dll" /reference:"C:\Program Files\dotnet\packs\Microsoft.AspNetCore.App.Ref\8.0.17\ref\net8.0\Microsoft.AspNetCore.Mvc.dll" /reference:"C:\Program Files\dotnet\packs\Microsoft.AspNetCore.App.Ref\8.0.17\ref\net8.0\Microsoft.AspNetCore.Mvc.Formatters.Json.dll" /reference:"C:\Program Files\dotnet\packs\Microsoft.AspNetCore.App.Ref\8.0.17\ref\net8.0\Microsoft.AspNetCore.Mvc.Formatters.Xml.dll" /reference:"C:\Program Files\dotnet\packs\Microsoft.AspNetCore.App.Ref\8.0.17\ref\net8.0\Microsoft.AspNetCore.Mvc.Localization.dll" /reference:"C:\Program Files\dotnet\packs\Microsoft.AspNetCore.App.Ref\8.0.17\ref\net8.0\Microsoft.AspNetCore.Mvc.Razor.dll" /reference:"C:\Program Files\dotnet\packs\Microsoft.AspNetCore.App.Ref\8.0.17\ref\net8.0\Microsoft.AspNetCore.Mvc.RazorPages.dll" /reference:"C:\Program Files\dotnet\packs\Microsoft.AspNetCore.App.Ref\8.0.17\ref\net8.0\Microsoft.AspNetCore.Mvc.TagHelpers.dll" /reference:C:\Users\toyin\.nuget\packages\microsoft.aspnetcore.mvc.testing\8.0.0\lib\net8.0\Microsoft.AspNetCore.Mvc.Testing.dll /reference:"C:\Program Files\dotnet\packs\Microsoft.AspNetCore.App.Ref\8.0.17\ref\net8.0\Microsoft.AspNetCore.Mvc.ViewFeatures.dll" /reference:C:\Users\toyin\.nuget\packages\microsoft.aspnetcore.openapi\8.0.0\lib\net8.0\Microsoft.AspNetCore.OpenApi.dll /reference:"C:\Program Files\dotnet\packs\Microsoft.AspNetCore.App.Ref\8.0.17\ref\net8.0\Microsoft.AspNetCore.OutputCaching.dll" /reference:"C:\Program Files\dotnet\packs\Microsoft.AspNetCore.App.Ref\8.0.17\ref\net8.0\Microsoft.AspNetCore.RateLimiting.dll" /reference:"C:\Program Files\dotnet\packs\Microsoft.AspNetCore.App.Ref\8.0.17\ref\net8.0\Microsoft.AspNetCore.Razor.dll" /reference:"C:\Program Files\dotnet\packs\Microsoft.AspNetCore.App.Ref\8.0.17\ref\net8.0\Microsoft.AspNetCore.Razor.Runtime.dll" /reference:"C:\Program Files\dotnet\packs\Microsoft.AspNetCore.App.Ref\8.0.17\ref\net8.0\Microsoft.AspNetCore.RequestDecompression.dll" /reference:"C:\Program Files\dotnet\packs\Microsoft.AspNetCore.App.Ref\8.0.17\ref\net8.0\Microsoft.AspNetCore.ResponseCaching.Abstractions.dll" /reference:"C:\Program Files\dotnet\packs\Microsoft.AspNetCore.App.Ref\8.0.17\ref\net8.0\Microsoft.AspNetCore.ResponseCaching.dll" /reference:"C:\Program Files\dotnet\packs\Microsoft.AspNetCore.App.Ref\8.0.17\ref\net8.0\Microsoft.AspNetCore.ResponseCompression.dll" /reference:"C:\Program Files\dotnet\packs\Microsoft.AspNetCore.App.Ref\8.0.17\ref\net8.0\Microsoft.AspNetCore.Rewrite.dll" /reference:"C:\Program Files\dotnet\packs\Microsoft.AspNetCore.App.Ref\8.0.17\ref\net8.0\Microsoft.AspNetCore.Routing.Abstractions.dll" /reference:"C:\Program Files\dotnet\packs\Microsoft.AspNetCore.App.Ref\8.0.17\ref\net8.0\Microsoft.AspNetCore.Routing.dll" /reference:"C:\Program Files\dotnet\packs\Microsoft.AspNetCore.App.Ref\8.0.17\ref\net8.0\Microsoft.AspNetCore.Server.HttpSys.dll" /reference:"C:\Program Files\dotnet\packs\Microsoft.AspNetCore.App.Ref\8.0.17\ref\net8.0\Microsoft.AspNetCore.Server.IIS.dll" /reference:"C:\Program Files\dotnet\packs\Microsoft.AspNetCore.App.Ref\8.0.17\ref\net8.0\Microsoft.AspNetCore.Server.IISIntegration.dll" /reference:"C:\Program Files\dotnet\packs\Microsoft.AspNetCore.App.Ref\8.0.17\ref\net8.0\Microsoft.AspNetCore.Server.Kestrel.Core.dll" /reference:"C:\Program Files\dotnet\packs\Microsoft.AspNetCore.App.Ref\8.0.17\ref\net8.0\Microsoft.AspNetCore.Server.Kestrel.dll" /reference:"C:\Program Files\dotnet\packs\Microsoft.AspNetCore.App.Ref\8.0.17\ref\net8.0\Microsoft.AspNetCore.Server.Kestrel.Transport.NamedPipes.dll" /reference:"C:\Program Files\dotnet\packs\Microsoft.AspNetCore.App.Ref\8.0.17\ref\net8.0\Microsoft.AspNetCore.Server.Kestrel.Transport.Quic.dll" /reference:"C:\Program Files\dotnet\packs\Microsoft.AspNetCore.App.Ref\8.0.17\ref\net8.0\Microsoft.AspNetCore.Server.Kestrel.Transport.Sockets.dll" /reference:"C:\Program Files\dotnet\packs\Microsoft.AspNetCore.App.Ref\8.0.17\ref\net8.0\Microsoft.AspNetCore.Session.dll" /reference:"C:\Program Files\dotnet\packs\Microsoft.AspNetCore.App.Ref\8.0.17\ref\net8.0\Microsoft.AspNetCore.SignalR.Common.dll" /reference:"C:\Program Files\dotnet\packs\Microsoft.AspNetCore.App.Ref\8.0.17\ref\net8.0\Microsoft.AspNetCore.SignalR.Core.dll" /reference:"C:\Program Files\dotnet\packs\Microsoft.AspNetCore.App.Ref\8.0.17\ref\net8.0\Microsoft.AspNetCore.SignalR.dll" /reference:"C:\Program Files\dotnet\packs\Microsoft.AspNetCore.App.Ref\8.0.17\ref\net8.0\Microsoft.AspNetCore.SignalR.Protocols.Json.dll" /reference:"C:\Program Files\dotnet\packs\Microsoft.AspNetCore.App.Ref\8.0.17\ref\net8.0\Microsoft.AspNetCore.StaticFiles.dll" /reference:C:\Users\toyin\.nuget\packages\microsoft.aspnetcore.testhost\8.0.0\lib\net8.0\Microsoft.AspNetCore.TestHost.dll /reference:"C:\Program Files\dotnet\packs\Microsoft.AspNetCore.App.Ref\8.0.17\ref\net8.0\Microsoft.AspNetCore.WebSockets.dll" /reference:"C:\Program Files\dotnet\packs\Microsoft.AspNetCore.App.Ref\8.0.17\ref\net8.0\Microsoft.AspNetCore.WebUtilities.dll" /reference:C:\Users\toyin\.nuget\packages\microsoft.bcl.asyncinterfaces\6.0.0\lib\netstandard2.1\Microsoft.Bcl.AsyncInterfaces.dll /reference:C:\Users\toyin\.nuget\packages\microsoft.codeanalysis.csharp\4.5.0\lib\netcoreapp3.1\Microsoft.CodeAnalysis.CSharp.dll /reference:C:\Users\toyin\.nuget\packages\microsoft.codeanalysis.csharp.workspaces\4.5.0\lib\netcoreapp3.1\Microsoft.CodeAnalysis.CSharp.Workspaces.dll /reference:C:\Users\toyin\.nuget\packages\microsoft.codeanalysis.common\4.5.0\lib\netcoreapp3.1\Microsoft.CodeAnalysis.dll /reference:C:\Users\toyin\.nuget\packages\microsoft.codeanalysis.workspaces.common\4.5.0\lib\netcoreapp3.1\Microsoft.CodeAnalysis.Workspaces.dll /reference:"C:\Program Files\dotnet\packs\Microsoft.NETCore.App.Ref\8.0.17\ref\net8.0\Microsoft.CSharp.dll" /reference:C:\Users\toyin\.nuget\packages\microsoft.data.sqlclient\5.1.1\ref\net6.0\Microsoft.Data.SqlClient.dll /reference:C:\Users\toyin\.nuget\packages\microsoft.entityframeworkcore.abstractions\8.0.0\lib\net8.0\Microsoft.EntityFrameworkCore.Abstractions.dll /reference:C:\Users\toyin\.nuget\packages\microsoft.entityframeworkcore.design\8.0.0\lib\net8.0\Microsoft.EntityFrameworkCore.Design.dll /reference:C:\Users\toyin\.nuget\packages\microsoft.entityframeworkcore\8.0.0\lib\net8.0\Microsoft.EntityFrameworkCore.dll /reference:C:\Users\toyin\.nuget\packages\microsoft.entityframeworkcore.inmemory\8.0.0\lib\net8.0\Microsoft.EntityFrameworkCore.InMemory.dll /reference:C:\Users\toyin\.nuget\packages\microsoft.entityframeworkcore.relational\8.0.0\lib\net8.0\Microsoft.EntityFrameworkCore.Relational.dll /reference:C:\Users\toyin\.nuget\packages\microsoft.entityframeworkcore.sqlserver\8.0.0\lib\net8.0\Microsoft.EntityFrameworkCore.SqlServer.dll /reference:"C:\Program Files\dotnet\packs\Microsoft.AspNetCore.App.Ref\8.0.17\ref\net8.0\Microsoft.Extensions.Caching.Abstractions.dll" /reference:"C:\Program Files\dotnet\packs\Microsoft.AspNetCore.App.Ref\8.0.17\ref\net8.0\Microsoft.Extensions.Caching.Memory.dll" /reference:C:\Users\toyin\.nuget\packages\microsoft.extensions.configuration.abstractions\9.0.6\lib\net8.0\Microsoft.Extensions.Configuration.Abstractions.dll /reference:"C:\Program Files\dotnet\packs\Microsoft.AspNetCore.App.Ref\8.0.17\ref\net8.0\Microsoft.Extensions.Configuration.Binder.dll" /reference:"C:\Program Files\dotnet\packs\Microsoft.AspNetCore.App.Ref\8.0.17\ref\net8.0\Microsoft.Extensions.Configuration.CommandLine.dll" /reference:"C:\Program Files\dotnet\packs\Microsoft.AspNetCore.App.Ref\8.0.17\ref\net8.0\Microsoft.Extensions.Configuration.dll" /reference:"C:\Program Files\dotnet\packs\Microsoft.AspNetCore.App.Ref\8.0.17\ref\net8.0\Microsoft.Extensions.Configuration.EnvironmentVariables.dll" /reference:"C:\Program Files\dotnet\packs\Microsoft.AspNetCore.App.Ref\8.0.17\ref\net8.0\Microsoft.Extensions.Configuration.FileExtensions.dll" /reference:"C:\Program Files\dotnet\packs\Microsoft.AspNetCore.App.Ref\8.0.17\ref\net8.0\Microsoft.Extensions.Configuration.Ini.dll" /reference:"C:\Program Files\dotnet\packs\Microsoft.AspNetCore.App.Ref\8.0.17\ref\net8.0\Microsoft.Extensions.Configuration.Json.dll" /reference:"C:\Program Files\dotnet\packs\Microsoft.AspNetCore.App.Ref\8.0.17\ref\net8.0\Microsoft.Extensions.Configuration.KeyPerFile.dll" /reference:"C:\Program Files\dotnet\packs\Microsoft.AspNetCore.App.Ref\8.0.17\ref\net8.0\Microsoft.Extensions.Configuration.UserSecrets.dll" /reference:"C:\Program Files\dotnet\packs\Microsoft.AspNetCore.App.Ref\8.0.17\ref\net8.0\Microsoft.Extensions.Configuration.Xml.dll" /reference:"C:\Program Files\dotnet\packs\Microsoft.AspNetCore.App.Ref\8.0.17\ref\net8.0\Microsoft.Extensions.DependencyInjection.Abstractions.dll" /reference:"C:\Program Files\dotnet\packs\Microsoft.AspNetCore.App.Ref\8.0.17\ref\net8.0\Microsoft.Extensions.DependencyInjection.dll" /reference:C:\Users\toyin\.nuget\packages\microsoft.extensions.dependencymodel\8.0.0\lib\net8.0\Microsoft.Extensions.DependencyModel.dll /reference:"C:\Program Files\dotnet\packs\Microsoft.AspNetCore.App.Ref\8.0.17\ref\net8.0\Microsoft.Extensions.Diagnostics.Abstractions.dll" /reference:"C:\Program Files\dotnet\packs\Microsoft.AspNetCore.App.Ref\8.0.17\ref\net8.0\Microsoft.Extensions.Diagnostics.dll" /reference:"C:\Program Files\dotnet\packs\Microsoft.AspNetCore.App.Ref\8.0.17\ref\net8.0\Microsoft.Extensions.Diagnostics.HealthChecks.Abstractions.dll" /reference:"C:\Program Files\dotnet\packs\Microsoft.AspNetCore.App.Ref\8.0.17\ref\net8.0\Microsoft.Extensions.Diagnostics.HealthChecks.dll" /reference:"C:\Program Files\dotnet\packs\Microsoft.AspNetCore.App.Ref\8.0.17\ref\net8.0\Microsoft.Extensions.Features.dll" /reference:"C:\Program Files\dotnet\packs\Microsoft.AspNetCore.App.Ref\8.0.17\ref\net8.0\Microsoft.Extensions.FileProviders.Abstractions.dll" /reference:"C:\Program Files\dotnet\packs\Microsoft.AspNetCore.App.Ref\8.0.17\ref\net8.0\Microsoft.Extensions.FileProviders.Composite.dll" /reference:"C:\Program Files\dotnet\packs\Microsoft.AspNetCore.App.Ref\8.0.17\ref\net8.0\Microsoft.Extensions.FileProviders.Embedded.dll" /reference:"C:\Program Files\dotnet\packs\Microsoft.AspNetCore.App.Ref\8.0.17\ref\net8.0\Microsoft.Extensions.FileProviders.Physical.dll" /reference:"C:\Program Files\dotnet\packs\Microsoft.AspNetCore.App.Ref\8.0.17\ref\net8.0\Microsoft.Extensions.FileSystemGlobbing.dll" /reference:"C:\Program Files\dotnet\packs\Microsoft.AspNetCore.App.Ref\8.0.17\ref\net8.0\Microsoft.Extensions.Hosting.Abstractions.dll" /reference:"C:\Program Files\dotnet\packs\Microsoft.AspNetCore.App.Ref\8.0.17\ref\net8.0\Microsoft.Extensions.Hosting.dll" /reference:"C:\Program Files\dotnet\packs\Microsoft.AspNetCore.App.Ref\8.0.17\ref\net8.0\Microsoft.Extensions.Http.dll" /reference:"C:\Program Files\dotnet\packs\Microsoft.AspNetCore.App.Ref\8.0.17\ref\net8.0\Microsoft.Extensions.Identity.Core.dll" /reference:"C:\Program Files\dotnet\packs\Microsoft.AspNetCore.App.Ref\8.0.17\ref\net8.0\Microsoft.Extensions.Identity.Stores.dll" /reference:"C:\Program Files\dotnet\packs\Microsoft.AspNetCore.App.Ref\8.0.17\ref\net8.0\Microsoft.Extensions.Localization.Abstractions.dll" /reference:"C:\Program Files\dotnet\packs\Microsoft.AspNetCore.App.Ref\8.0.17\ref\net8.0\Microsoft.Extensions.Localization.dll" /reference:"C:\Program Files\dotnet\packs\Microsoft.AspNetCore.App.Ref\8.0.17\ref\net8.0\Microsoft.Extensions.Logging.Abstractions.dll" /reference:"C:\Program Files\dotnet\packs\Microsoft.AspNetCore.App.Ref\8.0.17\ref\net8.0\Microsoft.Extensions.Logging.Configuration.dll" /reference:"C:\Program Files\dotnet\packs\Microsoft.AspNetCore.App.Ref\8.0.17\ref\net8.0\Microsoft.Extensions.Logging.Console.dll" /reference:"C:\Program Files\dotnet\packs\Microsoft.AspNetCore.App.Ref\8.0.17\ref\net8.0\Microsoft.Extensions.Logging.Debug.dll" /reference:"C:\Program Files\dotnet\packs\Microsoft.AspNetCore.App.Ref\8.0.17\ref\net8.0\Microsoft.Extensions.Logging.dll" /reference:"C:\Program Files\dotnet\packs\Microsoft.AspNetCore.App.Ref\8.0.17\ref\net8.0\Microsoft.Extensions.Logging.EventLog.dll" /reference:"C:\Program Files\dotnet\packs\Microsoft.AspNetCore.App.Ref\8.0.17\ref\net8.0\Microsoft.Extensions.Logging.EventSource.dll" /reference:"C:\Program Files\dotnet\packs\Microsoft.AspNetCore.App.Ref\8.0.17\ref\net8.0\Microsoft.Extensions.Logging.TraceSource.dll" /reference:"C:\Program Files\dotnet\packs\Microsoft.AspNetCore.App.Ref\8.0.17\ref\net8.0\Microsoft.Extensions.ObjectPool.dll" /reference:"C:\Program Files\dotnet\packs\Microsoft.AspNetCore.App.Ref\8.0.17\ref\net8.0\Microsoft.Extensions.Options.ConfigurationExtensions.dll" /reference:"C:\Program Files\dotnet\packs\Microsoft.AspNetCore.App.Ref\8.0.17\ref\net8.0\Microsoft.Extensions.Options.DataAnnotations.dll" /reference:"C:\Program Files\dotnet\packs\Microsoft.AspNetCore.App.Ref\8.0.17\ref\net8.0\Microsoft.Extensions.Options.dll" /reference:C:\Users\toyin\.nuget\packages\microsoft.extensions.primitives\9.0.6\lib\net8.0\Microsoft.Extensions.Primitives.dll /reference:"C:\Program Files\dotnet\packs\Microsoft.AspNetCore.App.Ref\8.0.17\ref\net8.0\Microsoft.Extensions.WebEncoders.dll" /reference:C:\Users\toyin\.nuget\packages\microsoft.identity.client\4.47.2\lib\netcoreapp2.1\Microsoft.Identity.Client.dll /reference:C:\Users\toyin\.nuget\packages\microsoft.identity.client.extensions.msal\2.19.3\lib\netcoreapp2.1\Microsoft.Identity.Client.Extensions.Msal.dll /reference:C:\Users\toyin\.nuget\packages\microsoft.identitymodel.abstractions\8.12.1\lib\net8.0\Microsoft.IdentityModel.Abstractions.dll /reference:C:\Users\toyin\.nuget\packages\microsoft.identitymodel.jsonwebtokens\8.12.1\lib\net8.0\Microsoft.IdentityModel.JsonWebTokens.dll /reference:C:\Users\toyin\.nuget\packages\microsoft.identitymodel.logging\8.12.1\lib\net8.0\Microsoft.IdentityModel.Logging.dll /reference:C:\Users\toyin\.nuget\packages\microsoft.identitymodel.protocols\7.0.3\lib\net8.0\Microsoft.IdentityModel.Protocols.dll /reference:C:\Users\toyin\.nuget\packages\microsoft.identitymodel.protocols.openidconnect\7.0.3\lib\net8.0\Microsoft.IdentityModel.Protocols.OpenIdConnect.dll /reference:C:\Users\toyin\.nuget\packages\microsoft.identitymodel.tokens\8.12.1\lib\net8.0\Microsoft.IdentityModel.Tokens.dll /reference:"C:\Program Files\dotnet\packs\Microsoft.AspNetCore.App.Ref\8.0.17\ref\net8.0\Microsoft.JSInterop.dll" /reference:"C:\Program Files\dotnet\packs\Microsoft.AspNetCore.App.Ref\8.0.17\ref\net8.0\Microsoft.Net.Http.Headers.dll" /reference:C:\Users\toyin\.nuget\packages\microsoft.openapi\1.6.23\lib\netstandard2.0\Microsoft.OpenApi.dll /reference:C:\Users\toyin\.nuget\packages\microsoft.sqlserver.server\1.0.0\lib\netstandard2.0\Microsoft.SqlServer.Server.dll /reference:C:\Users\toyin\.nuget\packages\microsoft.testplatform.testhost\17.8.0\lib\netcoreapp3.1\Microsoft.TestPlatform.CommunicationUtilities.dll /reference:C:\Users\toyin\.nuget\packages\microsoft.testplatform.testhost\17.8.0\lib\netcoreapp3.1\Microsoft.TestPlatform.CoreUtilities.dll /reference:C:\Users\toyin\.nuget\packages\microsoft.testplatform.testhost\17.8.0\lib\netcoreapp3.1\Microsoft.TestPlatform.CrossPlatEngine.dll /reference:C:\Users\toyin\.nuget\packages\microsoft.testplatform.testhost\17.8.0\lib\netcoreapp3.1\Microsoft.TestPlatform.PlatformAbstractions.dll /reference:C:\Users\toyin\.nuget\packages\microsoft.testplatform.testhost\17.8.0\lib\netcoreapp3.1\Microsoft.TestPlatform.Utilities.dll /reference:"C:\Program Files\dotnet\packs\Microsoft.NETCore.App.Ref\8.0.17\ref\net8.0\Microsoft.VisualBasic.Core.dll" /reference:"C:\Program Files\dotnet\packs\Microsoft.NETCore.App.Ref\8.0.17\ref\net8.0\Microsoft.VisualBasic.dll" /reference:C:\Users\toyin\.nuget\packages\microsoft.codecoverage\17.8.0\lib\netcoreapp3.1\Microsoft.VisualStudio.CodeCoverage.Shim.dll /reference:C:\Users\toyin\.nuget\packages\microsoft.testplatform.testhost\17.8.0\lib\netcoreapp3.1\Microsoft.VisualStudio.TestPlatform.Common.dll /reference:C:\Users\toyin\.nuget\packages\microsoft.testplatform.testhost\17.8.0\lib\netcoreapp3.1\Microsoft.VisualStudio.TestPlatform.ObjectModel.dll /reference:"C:\Program Files\dotnet\packs\Microsoft.NETCore.App.Ref\8.0.17\ref\net8.0\Microsoft.Win32.Primitives.dll" /reference:"C:\Program Files\dotnet\packs\Microsoft.NETCore.App.Ref\8.0.17\ref\net8.0\Microsoft.Win32.Registry.dll" /reference:C:\Users\toyin\.nuget\packages\microsoft.win32.systemevents\6.0.0\lib\net6.0\Microsoft.Win32.SystemEvents.dll /reference:C:\Users\toyin\.nuget\packages\mono.texttemplating\2.2.1\lib\netstandard2.0\Mono.TextTemplating.dll /reference:C:\Users\toyin\.nuget\packages\moq\4.20.69\lib\net6.0\Moq.dll /reference:"C:\Program Files\dotnet\packs\Microsoft.NETCore.App.Ref\8.0.17\ref\net8.0\mscorlib.dll" /reference:"C:\Program Files\dotnet\packs\Microsoft.NETCore.App.Ref\8.0.17\ref\net8.0\netstandard.dll" /reference:C:\Users\toyin\.nuget\packages\newtonsoft.json\13.0.1\lib\netstandard2.0\Newtonsoft.Json.dll /reference:C:\Users\toyin\.nuget\packages\nuget.frameworks\6.5.0\lib\netstandard2.0\NuGet.Frameworks.dll /reference:C:\Users\toyin\.nuget\packages\openai\2.1.0\lib\net6.0\OpenAI.dll /reference:C:\Users\toyin\.nuget\packages\serilog.aspnetcore\8.0.0\lib\net8.0\Serilog.AspNetCore.dll /reference:C:\Users\toyin\.nuget\packages\serilog\3.1.1\lib\net7.0\Serilog.dll /reference:C:\Users\toyin\.nuget\packages\serilog.extensions.hosting\8.0.0\lib\net8.0\Serilog.Extensions.Hosting.dll /reference:C:\Users\toyin\.nuget\packages\serilog.extensions.logging\8.0.0\lib\net8.0\Serilog.Extensions.Logging.dll /reference:C:\Users\toyin\.nuget\packages\serilog.formatting.compact\2.0.0\lib\net7.0\Serilog.Formatting.Compact.dll /reference:C:\Users\toyin\.nuget\packages\serilog.settings.configuration\8.0.0\lib\net8.0\Serilog.Settings.Configuration.dll /reference:C:\Users\toyin\.nuget\packages\serilog.sinks.console\5.0.0\lib\net7.0\Serilog.Sinks.Console.dll /reference:C:\Users\toyin\.nuget\packages\serilog.sinks.debug\2.0.0\lib\netstandard2.1\Serilog.Sinks.Debug.dll /reference:C:\Users\toyin\.nuget\packages\serilog.sinks.file\5.0.0\lib\net5.0\Serilog.Sinks.File.dll /reference:C:\Users\toyin\.nuget\packages\stripe.net\43.15.0\lib\net6.0\Stripe.net.dll /reference:C:\Users\toyin\.nuget\packages\swashbuckle.aspnetcore.swagger\8.1.4\lib\net8.0\Swashbuckle.AspNetCore.Swagger.dll /reference:C:\Users\toyin\.nuget\packages\swashbuckle.aspnetcore.swaggergen\8.1.4\lib\net8.0\Swashbuckle.AspNetCore.SwaggerGen.dll /reference:C:\Users\toyin\.nuget\packages\swashbuckle.aspnetcore.swaggerui\8.1.4\lib\net8.0\Swashbuckle.AspNetCore.SwaggerUI.dll /reference:"C:\Program Files\dotnet\packs\Microsoft.NETCore.App.Ref\8.0.17\ref\net8.0\System.AppContext.dll" /reference:"C:\Program Files\dotnet\packs\Microsoft.NETCore.App.Ref\8.0.17\ref\net8.0\System.Buffers.dll" /reference:C:\Users\toyin\.nuget\packages\system.clientmodel\1.2.1\lib\net6.0\System.ClientModel.dll /reference:C:\Users\toyin\.nuget\packages\system.codedom\4.4.0\ref\netstandard2.0\System.CodeDom.dll /reference:"C:\Program Files\dotnet\packs\Microsoft.NETCore.App.Ref\8.0.17\ref\net8.0\System.Collections.Concurrent.dll" /reference:"C:\Program Files\dotnet\packs\Microsoft.NETCore.App.Ref\8.0.17\ref\net8.0\System.Collections.dll" /reference:"C:\Program Files\dotnet\packs\Microsoft.NETCore.App.Ref\8.0.17\ref\net8.0\System.Collections.Immutable.dll" /reference:"C:\Program Files\dotnet\packs\Microsoft.NETCore.App.Ref\8.0.17\ref\net8.0\System.Collections.NonGeneric.dll" /reference:"C:\Program Files\dotnet\packs\Microsoft.NETCore.App.Ref\8.0.17\ref\net8.0\System.Collections.Specialized.dll" /reference:"C:\Program Files\dotnet\packs\Microsoft.NETCore.App.Ref\8.0.17\ref\net8.0\System.ComponentModel.Annotations.dll" /reference:"C:\Program Files\dotnet\packs\Microsoft.NETCore.App.Ref\8.0.17\ref\net8.0\System.ComponentModel.DataAnnotations.dll" /reference:"C:\Program Files\dotnet\packs\Microsoft.NETCore.App.Ref\8.0.17\ref\net8.0\System.ComponentModel.dll" /reference:"C:\Program Files\dotnet\packs\Microsoft.NETCore.App.Ref\8.0.17\ref\net8.0\System.ComponentModel.EventBasedAsync.dll" /reference:"C:\Program Files\dotnet\packs\Microsoft.NETCore.App.Ref\8.0.17\ref\net8.0\System.ComponentModel.Primitives.dll" /reference:"C:\Program Files\dotnet\packs\Microsoft.NETCore.App.Ref\8.0.17\ref\net8.0\System.ComponentModel.TypeConverter.dll" /reference:C:\Users\toyin\.nuget\packages\system.composition.attributedmodel\6.0.0\lib\net6.0\System.Composition.AttributedModel.dll /reference:C:\Users\toyin\.nuget\packages\system.composition.convention\6.0.0\lib\net6.0\System.Composition.Convention.dll /reference:C:\Users\toyin\.nuget\packages\system.composition.hosting\6.0.0\lib\net6.0\System.Composition.Hosting.dll /reference:C:\Users\toyin\.nuget\packages\system.composition.runtime\6.0.0\lib\net6.0\System.Composition.Runtime.dll /reference:C:\Users\toyin\.nuget\packages\system.composition.typedparts\6.0.0\lib\net6.0\System.Composition.TypedParts.dll /reference:C:\Users\toyin\.nuget\packages\system.configuration.configurationmanager\6.0.1\lib\net6.0\System.Configuration.ConfigurationManager.dll /reference:"C:\Program Files\dotnet\packs\Microsoft.NETCore.App.Ref\8.0.17\ref\net8.0\System.Configuration.dll" /reference:"C:\Program Files\dotnet\packs\Microsoft.NETCore.App.Ref\8.0.17\ref\net8.0\System.Console.dll" /reference:"C:\Program Files\dotnet\packs\Microsoft.NETCore.App.Ref\8.0.17\ref\net8.0\System.Core.dll" /reference:"C:\Program Files\dotnet\packs\Microsoft.NETCore.App.Ref\8.0.17\ref\net8.0\System.Data.Common.dll" /reference:"C:\Program Files\dotnet\packs\Microsoft.NETCore.App.Ref\8.0.17\ref\net8.0\System.Data.DataSetExtensions.dll" /reference:"C:\Program Files\dotnet\packs\Microsoft.NETCore.App.Ref\8.0.17\ref\net8.0\System.Data.dll" /reference:"C:\Program Files\dotnet\packs\Microsoft.NETCore.App.Ref\8.0.17\ref\net8.0\System.Diagnostics.Contracts.dll" /reference:"C:\Program Files\dotnet\packs\Microsoft.NETCore.App.Ref\8.0.17\ref\net8.0\System.Diagnostics.Debug.dll" /reference:"C:\Program Files\dotnet\packs\Microsoft.NETCore.App.Ref\8.0.17\ref\net8.0\System.Diagnostics.DiagnosticSource.dll" /reference:"C:\Program Files\dotnet\packs\Microsoft.AspNetCore.App.Ref\8.0.17\ref\net8.0\System.Diagnostics.EventLog.dll" /reference:"C:\Program Files\dotnet\packs\Microsoft.NETCore.App.Ref\8.0.17\ref\net8.0\System.Diagnostics.FileVersionInfo.dll" /reference:"C:\Program Files\dotnet\packs\Microsoft.NETCore.App.Ref\8.0.17\ref\net8.0\System.Diagnostics.Process.dll" /reference:"C:\Program Files\dotnet\packs\Microsoft.NETCore.App.Ref\8.0.17\ref\net8.0\System.Diagnostics.StackTrace.dll" /reference:"C:\Program Files\dotnet\packs\Microsoft.NETCore.App.Ref\8.0.17\ref\net8.0\System.Diagnostics.TextWriterTraceListener.dll" /reference:"C:\Program Files\dotnet\packs\Microsoft.NETCore.App.Ref\8.0.17\ref\net8.0\System.Diagnostics.Tools.dll" /reference:"C:\Program Files\dotnet\packs\Microsoft.NETCore.App.Ref\8.0.17\ref\net8.0\System.Diagnostics.TraceSource.dll" /reference:"C:\Program Files\dotnet\packs\Microsoft.NETCore.App.Ref\8.0.17\ref\net8.0\System.Diagnostics.Tracing.dll" /reference:"C:\Program Files\dotnet\packs\Microsoft.NETCore.App.Ref\8.0.17\ref\net8.0\System.dll" /reference:C:\Users\toyin\.nuget\packages\system.drawing.common\6.0.0\lib\net6.0\System.Drawing.Common.dll /reference:"C:\Program Files\dotnet\packs\Microsoft.NETCore.App.Ref\8.0.17\ref\net8.0\System.Drawing.dll" /reference:"C:\Program Files\dotnet\packs\Microsoft.NETCore.App.Ref\8.0.17\ref\net8.0\System.Drawing.Primitives.dll" /reference:"C:\Program Files\dotnet\packs\Microsoft.NETCore.App.Ref\8.0.17\ref\net8.0\System.Dynamic.Runtime.dll" /reference:"C:\Program Files\dotnet\packs\Microsoft.NETCore.App.Ref\8.0.17\ref\net8.0\System.Formats.Asn1.dll" /reference:"C:\Program Files\dotnet\packs\Microsoft.NETCore.App.Ref\8.0.17\ref\net8.0\System.Formats.Tar.dll" /reference:"C:\Program Files\dotnet\packs\Microsoft.NETCore.App.Ref\8.0.17\ref\net8.0\System.Globalization.Calendars.dll" /reference:"C:\Program Files\dotnet\packs\Microsoft.NETCore.App.Ref\8.0.17\ref\net8.0\System.Globalization.dll" /reference:"C:\Program Files\dotnet\packs\Microsoft.NETCore.App.Ref\8.0.17\ref\net8.0\System.Globalization.Extensions.dll" /reference:C:\Users\toyin\.nuget\packages\system.identitymodel.tokens.jwt\8.12.1\lib\net8.0\System.IdentityModel.Tokens.Jwt.dll /reference:"C:\Program Files\dotnet\packs\Microsoft.NETCore.App.Ref\8.0.17\ref\net8.0\System.IO.Compression.Brotli.dll" /reference:"C:\Program Files\dotnet\packs\Microsoft.NETCore.App.Ref\8.0.17\ref\net8.0\System.IO.Compression.dll" /reference:"C:\Program Files\dotnet\packs\Microsoft.NETCore.App.Ref\8.0.17\ref\net8.0\System.IO.Compression.FileSystem.dll" /reference:"C:\Program Files\dotnet\packs\Microsoft.NETCore.App.Ref\8.0.17\ref\net8.0\System.IO.Compression.ZipFile.dll" /reference:"C:\Program Files\dotnet\packs\Microsoft.NETCore.App.Ref\8.0.17\ref\net8.0\System.IO.dll" /reference:"C:\Program Files\dotnet\packs\Microsoft.NETCore.App.Ref\8.0.17\ref\net8.0\System.IO.FileSystem.AccessControl.dll" /reference:"C:\Program Files\dotnet\packs\Microsoft.NETCore.App.Ref\8.0.17\ref\net8.0\System.IO.FileSystem.dll" /reference:"C:\Program Files\dotnet\packs\Microsoft.NETCore.App.Ref\8.0.17\ref\net8.0\System.IO.FileSystem.DriveInfo.dll" /reference:"C:\Program Files\dotnet\packs\Microsoft.NETCore.App.Ref\8.0.17\ref\net8.0\System.IO.FileSystem.Primitives.dll" /reference:"C:\Program Files\dotnet\packs\Microsoft.NETCore.App.Ref\8.0.17\ref\net8.0\System.IO.FileSystem.Watcher.dll" /reference:"C:\Program Files\dotnet\packs\Microsoft.NETCore.App.Ref\8.0.17\ref\net8.0\System.IO.IsolatedStorage.dll" /reference:"C:\Program Files\dotnet\packs\Microsoft.NETCore.App.Ref\8.0.17\ref\net8.0\System.IO.MemoryMappedFiles.dll" /reference:"C:\Program Files\dotnet\packs\Microsoft.AspNetCore.App.Ref\8.0.17\ref\net8.0\System.IO.Pipelines.dll" /reference:"C:\Program Files\dotnet\packs\Microsoft.NETCore.App.Ref\8.0.17\ref\net8.0\System.IO.Pipes.AccessControl.dll" /reference:"C:\Program Files\dotnet\packs\Microsoft.NETCore.App.Ref\8.0.17\ref\net8.0\System.IO.Pipes.dll" /reference:"C:\Program Files\dotnet\packs\Microsoft.NETCore.App.Ref\8.0.17\ref\net8.0\System.IO.UnmanagedMemoryStream.dll" /reference:"C:\Program Files\dotnet\packs\Microsoft.NETCore.App.Ref\8.0.17\ref\net8.0\System.Linq.dll" /reference:"C:\Program Files\dotnet\packs\Microsoft.NETCore.App.Ref\8.0.17\ref\net8.0\System.Linq.Expressions.dll" /reference:"C:\Program Files\dotnet\packs\Microsoft.NETCore.App.Ref\8.0.17\ref\net8.0\System.Linq.Parallel.dll" /reference:"C:\Program Files\dotnet\packs\Microsoft.NETCore.App.Ref\8.0.17\ref\net8.0\System.Linq.Queryable.dll" /reference:C:\Users\toyin\.nuget\packages\system.memory.data\6.0.0\lib\net6.0\System.Memory.Data.dll /reference:"C:\Program Files\dotnet\packs\Microsoft.NETCore.App.Ref\8.0.17\ref\net8.0\System.Memory.dll" /reference:"C:\Program Files\dotnet\packs\Microsoft.NETCore.App.Ref\8.0.17\ref\net8.0\System.Net.dll" /reference:"C:\Program Files\dotnet\packs\Microsoft.NETCore.App.Ref\8.0.17\ref\net8.0\System.Net.Http.dll" /reference:"C:\Program Files\dotnet\packs\Microsoft.NETCore.App.Ref\8.0.17\ref\net8.0\System.Net.Http.Json.dll" /reference:"C:\Program Files\dotnet\packs\Microsoft.NETCore.App.Ref\8.0.17\ref\net8.0\System.Net.HttpListener.dll" /reference:"C:\Program Files\dotnet\packs\Microsoft.NETCore.App.Ref\8.0.17\ref\net8.0\System.Net.Mail.dll" /reference:"C:\Program Files\dotnet\packs\Microsoft.NETCore.App.Ref\8.0.17\ref\net8.0\System.Net.NameResolution.dll" /reference:"C:\Program Files\dotnet\packs\Microsoft.NETCore.App.Ref\8.0.17\ref\net8.0\System.Net.NetworkInformation.dll" /reference:"C:\Program Files\dotnet\packs\Microsoft.NETCore.App.Ref\8.0.17\ref\net8.0\System.Net.Ping.dll" /reference:"C:\Program Files\dotnet\packs\Microsoft.NETCore.App.Ref\8.0.17\ref\net8.0\System.Net.Primitives.dll" /reference:"C:\Program Files\dotnet\packs\Microsoft.NETCore.App.Ref\8.0.17\ref\net8.0\System.Net.Quic.dll" /reference:"C:\Program Files\dotnet\packs\Microsoft.NETCore.App.Ref\8.0.17\ref\net8.0\System.Net.Requests.dll" /reference:"C:\Program Files\dotnet\packs\Microsoft.NETCore.App.Ref\8.0.17\ref\net8.0\System.Net.Security.dll" /reference:"C:\Program Files\dotnet\packs\Microsoft.NETCore.App.Ref\8.0.17\ref\net8.0\System.Net.ServicePoint.dll" /reference:"C:\Program Files\dotnet\packs\Microsoft.NETCore.App.Ref\8.0.17\ref\net8.0\System.Net.Sockets.dll" /reference:"C:\Program Files\dotnet\packs\Microsoft.NETCore.App.Ref\8.0.17\ref\net8.0\System.Net.WebClient.dll" /reference:"C:\Program Files\dotnet\packs\Microsoft.NETCore.App.Ref\8.0.17\ref\net8.0\System.Net.WebHeaderCollection.dll" /reference:"C:\Program Files\dotnet\packs\Microsoft.NETCore.App.Ref\8.0.17\ref\net8.0\System.Net.WebProxy.dll" /reference:"C:\Program Files\dotnet\packs\Microsoft.NETCore.App.Ref\8.0.17\ref\net8.0\System.Net.WebSockets.Client.dll" /reference:"C:\Program Files\dotnet\packs\Microsoft.NETCore.App.Ref\8.0.17\ref\net8.0\System.Net.WebSockets.dll" /reference:"C:\Program Files\dotnet\packs\Microsoft.NETCore.App.Ref\8.0.17\ref\net8.0\System.Numerics.dll" /reference:"C:\Program Files\dotnet\packs\Microsoft.NETCore.App.Ref\8.0.17\ref\net8.0\System.Numerics.Vectors.dll" /reference:"C:\Program Files\dotnet\packs\Microsoft.NETCore.App.Ref\8.0.17\ref\net8.0\System.ObjectModel.dll" /reference:"C:\Program Files\dotnet\packs\Microsoft.NETCore.App.Ref\8.0.17\ref\net8.0\System.Reflection.DispatchProxy.dll" /reference:"C:\Program Files\dotnet\packs\Microsoft.NETCore.App.Ref\8.0.17\ref\net8.0\System.Reflection.dll" /reference:"C:\Program Files\dotnet\packs\Microsoft.NETCore.App.Ref\8.0.17\ref\net8.0\System.Reflection.Emit.dll" /reference:"C:\Program Files\dotnet\packs\Microsoft.NETCore.App.Ref\8.0.17\ref\net8.0\System.Reflection.Emit.ILGeneration.dll" /reference:"C:\Program Files\dotnet\packs\Microsoft.NETCore.App.Ref\8.0.17\ref\net8.0\System.Reflection.Emit.Lightweight.dll" /reference:"C:\Program Files\dotnet\packs\Microsoft.NETCore.App.Ref\8.0.17\ref\net8.0\System.Reflection.Extensions.dll" /reference:"C:\Program Files\dotnet\packs\Microsoft.NETCore.App.Ref\8.0.17\ref\net8.0\System.Reflection.Metadata.dll" /reference:"C:\Program Files\dotnet\packs\Microsoft.NETCore.App.Ref\8.0.17\ref\net8.0\System.Reflection.Primitives.dll" /reference:"C:\Program Files\dotnet\packs\Microsoft.NETCore.App.Ref\8.0.17\ref\net8.0\System.Reflection.TypeExtensions.dll" /reference:"C:\Program Files\dotnet\packs\Microsoft.NETCore.App.Ref\8.0.17\ref\net8.0\System.Resources.Reader.dll" /reference:"C:\Program Files\dotnet\packs\Microsoft.NETCore.App.Ref\8.0.17\ref\net8.0\System.Resources.ResourceManager.dll" /reference:"C:\Program Files\dotnet\packs\Microsoft.NETCore.App.Ref\8.0.17\ref\net8.0\System.Resources.Writer.dll" /reference:"C:\Program Files\dotnet\packs\Microsoft.NETCore.App.Ref\8.0.17\ref\net8.0\System.Runtime.CompilerServices.Unsafe.dll" /reference:"C:\Program Files\dotnet\packs\Microsoft.NETCore.App.Ref\8.0.17\ref\net8.0\System.Runtime.CompilerServices.VisualC.dll" /reference:"C:\Program Files\dotnet\packs\Microsoft.NETCore.App.Ref\8.0.17\ref\net8.0\System.Runtime.dll" /reference:"C:\Program Files\dotnet\packs\Microsoft.NETCore.App.Ref\8.0.17\ref\net8.0\System.Runtime.Extensions.dll" /reference:"C:\Program Files\dotnet\packs\Microsoft.NETCore.App.Ref\8.0.17\ref\net8.0\System.Runtime.Handles.dll" /reference:"C:\Program Files\dotnet\packs\Microsoft.NETCore.App.Ref\8.0.17\ref\net8.0\System.Runtime.InteropServices.dll" /reference:"C:\Program Files\dotnet\packs\Microsoft.NETCore.App.Ref\8.0.17\ref\net8.0\System.Runtime.InteropServices.JavaScript.dll" /reference:"C:\Program Files\dotnet\packs\Microsoft.NETCore.App.Ref\8.0.17\ref\net8.0\System.Runtime.InteropServices.RuntimeInformation.dll" /reference:"C:\Program Files\dotnet\packs\Microsoft.NETCore.App.Ref\8.0.17\ref\net8.0\System.Runtime.Intrinsics.dll" /reference:"C:\Program Files\dotnet\packs\Microsoft.NETCore.App.Ref\8.0.17\ref\net8.0\System.Runtime.Loader.dll" /reference:"C:\Program Files\dotnet\packs\Microsoft.NETCore.App.Ref\8.0.17\ref\net8.0\System.Runtime.Numerics.dll" /reference:"C:\Program Files\dotnet\packs\Microsoft.NETCore.App.Ref\8.0.17\ref\net8.0\System.Runtime.Serialization.dll" /reference:"C:\Program Files\dotnet\packs\Microsoft.NETCore.App.Ref\8.0.17\ref\net8.0\System.Runtime.Serialization.Formatters.dll" /reference:"C:\Program Files\dotnet\packs\Microsoft.NETCore.App.Ref\8.0.17\ref\net8.0\System.Runtime.Serialization.Json.dll" /reference:"C:\Program Files\dotnet\packs\Microsoft.NETCore.App.Ref\8.0.17\ref\net8.0\System.Runtime.Serialization.Primitives.dll" /reference:"C:\Program Files\dotnet\packs\Microsoft.NETCore.App.Ref\8.0.17\ref\net8.0\System.Runtime.Serialization.Xml.dll" /reference:"C:\Program Files\dotnet\packs\Microsoft.NETCore.App.Ref\8.0.17\ref\net8.0\System.Security.AccessControl.dll" /reference:"C:\Program Files\dotnet\packs\Microsoft.NETCore.App.Ref\8.0.17\ref\net8.0\System.Security.Claims.dll" /reference:"C:\Program Files\dotnet\packs\Microsoft.NETCore.App.Ref\8.0.17\ref\net8.0\System.Security.Cryptography.Algorithms.dll" /reference:"C:\Program Files\dotnet\packs\Microsoft.NETCore.App.Ref\8.0.17\ref\net8.0\System.Security.Cryptography.Cng.dll" /reference:"C:\Program Files\dotnet\packs\Microsoft.NETCore.App.Ref\8.0.17\ref\net8.0\System.Security.Cryptography.Csp.dll" /reference:"C:\Program Files\dotnet\packs\Microsoft.NETCore.App.Ref\8.0.17\ref\net8.0\System.Security.Cryptography.dll" /reference:"C:\Program Files\dotnet\packs\Microsoft.NETCore.App.Ref\8.0.17\ref\net8.0\System.Security.Cryptography.Encoding.dll" /reference:"C:\Program Files\dotnet\packs\Microsoft.NETCore.App.Ref\8.0.17\ref\net8.0\System.Security.Cryptography.OpenSsl.dll" /reference:"C:\Program Files\dotnet\packs\Microsoft.NETCore.App.Ref\8.0.17\ref\net8.0\System.Security.Cryptography.Primitives.dll" /reference:C:\Users\toyin\.nuget\packages\system.security.cryptography.protecteddata\6.0.0\lib\net6.0\System.Security.Cryptography.ProtectedData.dll /reference:"C:\Program Files\dotnet\packs\Microsoft.NETCore.App.Ref\8.0.17\ref\net8.0\System.Security.Cryptography.X509Certificates.dll" /reference:"C:\Program Files\dotnet\packs\Microsoft.AspNetCore.App.Ref\8.0.17\ref\net8.0\System.Security.Cryptography.Xml.dll" /reference:"C:\Program Files\dotnet\packs\Microsoft.NETCore.App.Ref\8.0.17\ref\net8.0\System.Security.dll" /reference:C:\Users\toyin\.nuget\packages\system.security.permissions\6.0.0\lib\net6.0\System.Security.Permissions.dll /reference:"C:\Program Files\dotnet\packs\Microsoft.NETCore.App.Ref\8.0.17\ref\net8.0\System.Security.Principal.dll" /reference:"C:\Program Files\dotnet\packs\Microsoft.NETCore.App.Ref\8.0.17\ref\net8.0\System.Security.Principal.Windows.dll" /reference:"C:\Program Files\dotnet\packs\Microsoft.NETCore.App.Ref\8.0.17\ref\net8.0\System.Security.SecureString.dll" /reference:"C:\Program Files\dotnet\packs\Microsoft.NETCore.App.Ref\8.0.17\ref\net8.0\System.ServiceModel.Web.dll" /reference:"C:\Program Files\dotnet\packs\Microsoft.NETCore.App.Ref\8.0.17\ref\net8.0\System.ServiceProcess.dll" /reference:"C:\Program Files\dotnet\packs\Microsoft.NETCore.App.Ref\8.0.17\ref\net8.0\System.Text.Encoding.CodePages.dll" /reference:"C:\Program Files\dotnet\packs\Microsoft.NETCore.App.Ref\8.0.17\ref\net8.0\System.Text.Encoding.dll" /reference:"C:\Program Files\dotnet\packs\Microsoft.NETCore.App.Ref\8.0.17\ref\net8.0\System.Text.Encoding.Extensions.dll" /reference:"C:\Program Files\dotnet\packs\Microsoft.NETCore.App.Ref\8.0.17\ref\net8.0\System.Text.Encodings.Web.dll" /reference:"C:\Program Files\dotnet\packs\Microsoft.NETCore.App.Ref\8.0.17\ref\net8.0\System.Text.Json.dll" /reference:"C:\Program Files\dotnet\packs\Microsoft.NETCore.App.Ref\8.0.17\ref\net8.0\System.Text.RegularExpressions.dll" /reference:"C:\Program Files\dotnet\packs\Microsoft.NETCore.App.Ref\8.0.17\ref\net8.0\System.Threading.Channels.dll" /reference:"C:\Program Files\dotnet\packs\Microsoft.NETCore.App.Ref\8.0.17\ref\net8.0\System.Threading.dll" /reference:"C:\Program Files\dotnet\packs\Microsoft.NETCore.App.Ref\8.0.17\ref\net8.0\System.Threading.Overlapped.dll" /reference:"C:\Program Files\dotnet\packs\Microsoft.AspNetCore.App.Ref\8.0.17\ref\net8.0\System.Threading.RateLimiting.dll" /reference:"C:\Program Files\dotnet\packs\Microsoft.NETCore.App.Ref\8.0.17\ref\net8.0\System.Threading.Tasks.Dataflow.dll" /reference:"C:\Program Files\dotnet\packs\Microsoft.NETCore.App.Ref\8.0.17\ref\net8.0\System.Threading.Tasks.dll" /reference:"C:\Program Files\dotnet\packs\Microsoft.NETCore.App.Ref\8.0.17\ref\net8.0\System.Threading.Tasks.Extensions.dll" /reference:"C:\Program Files\dotnet\packs\Microsoft.NETCore.App.Ref\8.0.17\ref\net8.0\System.Threading.Tasks.Parallel.dll" /reference:"C:\Program Files\dotnet\packs\Microsoft.NETCore.App.Ref\8.0.17\ref\net8.0\System.Threading.Thread.dll" /reference:"C:\Program Files\dotnet\packs\Microsoft.NETCore.App.Ref\8.0.17\ref\net8.0\System.Threading.ThreadPool.dll" /reference:"C:\Program Files\dotnet\packs\Microsoft.NETCore.App.Ref\8.0.17\ref\net8.0\System.Threading.Timer.dll" /reference:"C:\Program Files\dotnet\packs\Microsoft.NETCore.App.Ref\8.0.17\ref\net8.0\System.Transactions.dll" /reference:"C:\Program Files\dotnet\packs\Microsoft.NETCore.App.Ref\8.0.17\ref\net8.0\System.Transactions.Local.dll" /reference:"C:\Program Files\dotnet\packs\Microsoft.NETCore.App.Ref\8.0.17\ref\net8.0\System.ValueTuple.dll" /reference:"C:\Program Files\dotnet\packs\Microsoft.NETCore.App.Ref\8.0.17\ref\net8.0\System.Web.dll" /reference:"C:\Program Files\dotnet\packs\Microsoft.NETCore.App.Ref\8.0.17\ref\net8.0\System.Web.HttpUtility.dll" /reference:"C:\Program Files\dotnet\packs\Microsoft.NETCore.App.Ref\8.0.17\ref\net8.0\System.Windows.dll" /reference:C:\Users\toyin\.nuget\packages\system.windows.extensions\6.0.0\lib\net6.0\System.Windows.Extensions.dll /reference:"C:\Program Files\dotnet\packs\Microsoft.NETCore.App.Ref\8.0.17\ref\net8.0\System.Xml.dll" /reference:"C:\Program Files\dotnet\packs\Microsoft.NETCore.App.Ref\8.0.17\ref\net8.0\System.Xml.Linq.dll" /reference:"C:\Program Files\dotnet\packs\Microsoft.NETCore.App.Ref\8.0.17\ref\net8.0\System.Xml.ReaderWriter.dll" /reference:"C:\Program Files\dotnet\packs\Microsoft.NETCore.App.Ref\8.0.17\ref\net8.0\System.Xml.Serialization.dll" /reference:"C:\Program Files\dotnet\packs\Microsoft.NETCore.App.Ref\8.0.17\ref\net8.0\System.Xml.XDocument.dll" /reference:"C:\Program Files\dotnet\packs\Microsoft.NETCore.App.Ref\8.0.17\ref\net8.0\System.Xml.XmlDocument.dll" /reference:"C:\Program Files\dotnet\packs\Microsoft.NETCore.App.Ref\8.0.17\ref\net8.0\System.Xml.XmlSerializer.dll" /reference:"C:\Program Files\dotnet\packs\Microsoft.NETCore.App.Ref\8.0.17\ref\net8.0\System.Xml.XPath.dll" /reference:"C:\Program Files\dotnet\packs\Microsoft.NETCore.App.Ref\8.0.17\ref\net8.0\System.Xml.XPath.XDocument.dll" /reference:C:\Users\toyin\.nuget\packages\microsoft.testplatform.testhost\17.8.0\lib\netcoreapp3.1\testhost.dll /reference:"C:\Program Files\dotnet\packs\Microsoft.NETCore.App.Ref\8.0.17\ref\net8.0\WindowsBase.dll" /reference:C:\Users\toyin\.nuget\packages\xunit.abstractions\2.0.3\lib\netstandard2.0\xunit.abstractions.dll /reference:C:\Users\toyin\.nuget\packages\xunit.assert\2.6.1\lib\net6.0\xunit.assert.dll /reference:C:\Users\toyin\.nuget\packages\xunit.extensibility.core\2.6.1\lib\netstandard1.1\xunit.core.dll /reference:C:\Users\toyin\.nuget\packages\xunit.extensibility.execution\2.6.1\lib\netstandard1.1\xunit.execution.dotnet.dll /debug+ /debug:portable /filealign:512 /optimize- /out:obj\Debug\net8.0\AICO.IntegrationTests.dll /refout:obj\Debug\net8.0\refint\AICO.IntegrationTests.dll /target:exe /warnaserror- /utf8output /deterministic+ /sourcelink:obj\Debug\net8.0\AICO.IntegrationTests.sourcelink.json /langversion:12.0 /embed:C:\Users\toyin\.nuget\packages\microsoft.net.test.sdk\17.8.0\build\netcoreapp3.1\Microsoft.NET.Test.Sdk.Program.cs /embed:obj\Debug\net8.0\AICO.IntegrationTests.GlobalUsings.g.cs /embed:"obj\Debug\net8.0\.NETCoreApp,Version=v8.0.AssemblyAttributes.cs" /embed:obj\Debug\net8.0\AICO.IntegrationTests.AssemblyInfo.cs /analyzerconfig:obj\Debug\net8.0\AICO.IntegrationTests.GeneratedMSBuildEditorConfig.editorconfig /analyzerconfig:"C:\Program Files\dotnet\sdk\9.0.301\Sdks\Microsoft.NET.Sdk\analyzers\build\config\analysislevel_8_default.globalconfig" /analyzer:"C:\Program Files\dotnet\sdk\9.0.301\Sdks\Microsoft.NET.Sdk\targets\..\analyzers\Microsoft.CodeAnalysis.CSharp.NetAnalyzers.dll" /analyzer:"C:\Program Files\dotnet\sdk\9.0.301\Sdks\Microsoft.NET.Sdk\targets\..\analyzers\Microsoft.CodeAnalysis.NetAnalyzers.dll" /analyzer:C:\Users\toyin\.nuget\packages\microsoft.codeanalysis.analyzers\3.3.3\analyzers\dotnet\cs\Microsoft.CodeAnalysis.Analyzers.dll /analyzer:C:\Users\toyin\.nuget\packages\microsoft.codeanalysis.analyzers\3.3.3\analyzers\dotnet\cs\Microsoft.CodeAnalysis.CSharp.Analyzers.dll /analyzer:C:\Users\toyin\.nuget\packages\microsoft.entityframeworkcore.analyzers\8.0.0\analyzers\dotnet\cs\Microsoft.EntityFrameworkCore.Analyzers.dll /analyzer:C:\Users\toyin\.nuget\packages\xunit.analyzers\1.4.0\analyzers\dotnet\cs\xunit.analyzers.dll /analyzer:C:\Users\toyin\.nuget\packages\xunit.analyzers\1.4.0\analyzers\dotnet\cs\xunit.analyzers.fixes.dll /analyzer:"C:\Program Files\dotnet\packs\Microsoft.NETCore.App.Ref\8.0.17\analyzers/dotnet/cs/Microsoft.Interop.ComInterfaceGenerator.dll" /analyzer:"C:\Program Files\dotnet\packs\Microsoft.NETCore.App.Ref\8.0.17\analyzers/dotnet/cs/Microsoft.Interop.JavaScript.JSImportGenerator.dll" /analyzer:"C:\Program Files\dotnet\packs\Microsoft.NETCore.App.Ref\8.0.17\analyzers/dotnet/cs/Microsoft.Interop.LibraryImportGenerator.dll" /analyzer:"C:\Program Files\dotnet\packs\Microsoft.NETCore.App.Ref\8.0.17\analyzers/dotnet/cs/Microsoft.Interop.SourceGeneration.dll" /analyzer:"C:\Program Files\dotnet\packs\Microsoft.NETCore.App.Ref\8.0.17\analyzers/dotnet/cs/System.Text.Json.SourceGeneration.dll" /analyzer:"C:\Program Files\dotnet\packs\Microsoft.NETCore.App.Ref\8.0.17\analyzers/dotnet/cs/System.Text.RegularExpressions.Generator.dll" /analyzer:"C:\Program Files\dotnet\packs\Microsoft.AspNetCore.App.Ref\8.0.17\analyzers/dotnet/cs/Microsoft.AspNetCore.App.Analyzers.dll" /analyzer:"C:\Program Files\dotnet\packs\Microsoft.AspNetCore.App.Ref\8.0.17\analyzers/dotnet/cs/Microsoft.AspNetCore.App.CodeFixes.dll" /analyzer:"C:\Program Files\dotnet\packs\Microsoft.AspNetCore.App.Ref\8.0.17\analyzers/dotnet/cs/Microsoft.AspNetCore.Components.Analyzers.dll" /analyzer:"C:\Program Files\dotnet\packs\Microsoft.AspNetCore.App.Ref\8.0.17\analyzers/dotnet/roslyn4.4/cs/Microsoft.Extensions.Logging.Generators.dll" /analyzer:"C:\Program Files\dotnet\packs\Microsoft.AspNetCore.App.Ref\8.0.17\analyzers/dotnet/roslyn4.4/cs/Microsoft.Extensions.Options.SourceGeneration.dll" AbTestIntegrationTests.cs AbTestSmokeTests.cs BasicSmokeTest.cs MCPIntegrationTests.cs MVPWorkflowTests.cs TestWebApplicationFactory.cs WebsiteIntegrationTests.cs C:\Users\toyin\.nuget\packages\microsoft.net.test.sdk\17.8.0\build\netcoreapp3.1\Microsoft.NET.Test.Sdk.Program.cs obj\Debug\net8.0\AICO.IntegrationTests.GlobalUsings.g.cs "obj\Debug\net8.0\.NETCoreApp,Version=v8.0.AssemblyAttributes.cs" obj\Debug\net8.0\AICO.IntegrationTests.AssemblyInfo.cs /warnaserror+:NU1605,SYSLIB0011
     1>c:\Users\toyin\AICO\backend\tests\AICO.IntegrationTests\AbTestSmokeTests.cs(57,73): warning CS8602: Dereferenzierung eines möglichen Nullverweises. [c:\Users\toyin\AICO\backend\tests\AICO.IntegrationTests\AICO.IntegrationTests.csproj]
     1>c:\Users\toyin\AICO\backend\tests\AICO.IntegrationTests\AbTestSmokeTests.cs(79,73): warning CS8602: Dereferenzierung eines möglichen Nullverweises. [c:\Users\toyin\AICO\backend\tests\AICO.IntegrationTests\AICO.IntegrationTests.csproj]
     1>c:\Users\toyin\AICO\backend\tests\AICO.IntegrationTests\AbTestSmokeTests.cs(82,62): warning CS8602: Dereferenzierung eines möglichen Nullverweises. [c:\Users\toyin\AICO\backend\tests\AICO.IntegrationTests\AICO.IntegrationTests.csproj]
     1>c:\Users\toyin\AICO\backend\tests\AICO.IntegrationTests\BasicSmokeTest.cs(63,37): error CS7036: Es wurde kein Argument angegeben, das dem erforderlichen Parameter "fileSecurity" von "FileSystemAclExtensions.Create(FileInfo, FileMode, FileSystemRights, FileShare, int, FileOptions, FileSecurity?)" entspricht. [c:\Users\toyin\AICO\backend\tests\AICO.IntegrationTests\AICO.IntegrationTests.csproj]
     1>c:\Users\toyin\AICO\backend\tests\AICO.IntegrationTests\WebsiteIntegrationTests.cs(95,36): warning CS1998: In dieser Async-Methode fehlen die "await"-Operatoren, weshalb sie synchron ausgeführt wird. Sie sollten die Verwendung des "await"-Operators oder von "await Task.Run(...)" in Betracht ziehen, um auf nicht blockierende API-Aufrufe zu warten bzw. CPU-gebundene Aufgaben auf einem Hintergrundthread auszuführen. [c:\Users\toyin\AICO\backend\tests\AICO.IntegrationTests\AICO.IntegrationTests.csproj]
     1>c:\Users\toyin\AICO\backend\tests\AICO.IntegrationTests\AbTestIntegrationTests.cs(131,17): warning CS8625: Ein NULL-Literal kann nicht in einen Non-Nullable-Verweistyp konvertiert werden. [c:\Users\toyin\AICO\backend\tests\AICO.IntegrationTests\AICO.IntegrationTests.csproj]
     1>c:\Users\toyin\AICO\backend\tests\AICO.IntegrationTests\AbTestIntegrationTests.cs(136,17): warning CS8625: Ein NULL-Literal kann nicht in einen Non-Nullable-Verweistyp konvertiert werden. [c:\Users\toyin\AICO\backend\tests\AICO.IntegrationTests\AICO.IntegrationTests.csproj]
     1>c:\Users\toyin\AICO\backend\tests\AICO.IntegrationTests\MVPWorkflowTests.cs(39,17): warning CS8602: Dereferenzierung eines möglichen Nullverweises. [c:\Users\toyin\AICO\backend\tests\AICO.IntegrationTests\AICO.IntegrationTests.csproj]
     1>c:\Users\toyin\AICO\backend\tests\AICO.IntegrationTests\MVPWorkflowTests.cs(47,63): warning CS8602: Dereferenzierung eines möglichen Nullverweises. [c:\Users\toyin\AICO\backend\tests\AICO.IntegrationTests\AICO.IntegrationTests.csproj]
     1>c:\Users\toyin\AICO\backend\tests\AICO.IntegrationTests\MVPWorkflowTests.cs(57,72): warning CS8602: Dereferenzierung eines möglichen Nullverweises. [c:\Users\toyin\AICO\backend\tests\AICO.IntegrationTests\AICO.IntegrationTests.csproj]
     1>c:\Users\toyin\AICO\backend\tests\AICO.IntegrationTests\MVPWorkflowTests.cs(81,17): warning CS8602: Dereferenzierung eines möglichen Nullverweises. [c:\Users\toyin\AICO\backend\tests\AICO.IntegrationTests\AICO.IntegrationTests.csproj]
     1>c:\Users\toyin\AICO\backend\tests\AICO.IntegrationTests\MVPWorkflowTests.cs(88,63): warning CS8602: Dereferenzierung eines möglichen Nullverweises. [c:\Users\toyin\AICO\backend\tests\AICO.IntegrationTests\AICO.IntegrationTests.csproj]
     1>c:\Users\toyin\AICO\backend\tests\AICO.IntegrationTests\MVPWorkflowTests.cs(94,86): warning CS8602: Dereferenzierung eines möglichen Nullverweises. [c:\Users\toyin\AICO\backend\tests\AICO.IntegrationTests\AICO.IntegrationTests.csproj]
     1>c:\Users\toyin\AICO\backend\tests\AICO.IntegrationTests\TestWebApplicationFactory.cs(68,32): error CS1729: "User" enthält keinen Konstruktor, der 2 Argumente annimmt. [c:\Users\toyin\AICO\backend\tests\AICO.IntegrationTests\AICO.IntegrationTests.csproj]
     1>c:\Users\toyin\AICO\backend\tests\AICO.IntegrationTests\TestWebApplicationFactory.cs(75,35): error CS1729: "Website" enthält keinen Konstruktor, der 3 Argumente annimmt. [c:\Users\toyin\AICO\backend\tests\AICO.IntegrationTests\AICO.IntegrationTests.csproj]
     1>c:\Users\toyin\AICO\backend\tests\AICO.IntegrationTests\TestWebApplicationFactory.cs(103,17): error CS0200: Für die Eigenschaft oder den Indexer "AbTest.WebsiteId" ist eine Zuweisung nicht möglich. Sie sind schreibgeschützt. [c:\Users\toyin\AICO\backend\tests\AICO.IntegrationTests\AICO.IntegrationTests.csproj]
     1>c:\Users\toyin\AICO\backend\tests\AICO.IntegrationTests\TestWebApplicationFactory.cs(113,17): error CS1503: Argument "5": Konvertierung von "bool" in "string?" nicht möglich. [c:\Users\toyin\AICO\backend\tests\AICO.IntegrationTests\AICO.IntegrationTests.csproj]
     1>c:\Users\toyin\AICO\backend\tests\AICO.IntegrationTests\TestWebApplicationFactory.cs(124,17): error CS1503: Argument "5": Konvertierung von "bool" in "string?" nicht möglich. [c:\Users\toyin\AICO\backend\tests\AICO.IntegrationTests\AICO.IntegrationTests.csproj]
     1>c:\Users\toyin\AICO\backend\tests\AICO.IntegrationTests\TestWebApplicationFactory.cs(130,21): error CS1061: "AicoDbContext" enthält keine Definition für "AbTestVariants", und es konnte keine zugängliche AbTestVariants-Erweiterungsmethode gefunden werden, die ein erstes Argument vom Typ "AicoDbContext" akzeptiert (möglicherweise fehlt eine using-Direktive oder ein Assemblyverweis). [c:\Users\toyin\AICO\backend\tests\AICO.IntegrationTests\AICO.IntegrationTests.csproj]
     1>c:\Users\toyin\AICO\backend\tests\AICO.IntegrationTests\MCPIntegrationTests.cs(136,27): warning CS8602: Dereferenzierung eines möglichen Nullverweises. [c:\Users\toyin\AICO\backend\tests\AICO.IntegrationTests\AICO.IntegrationTests.csproj]
     1>c:\Users\toyin\AICO\backend\tests\AICO.IntegrationTests\WebsiteIntegrationTests.cs(121,21): warning xUnit1013: Public method 'Dispose' on test class 'WebsiteIntegrationTests' should be marked as a Fact. Reduce the visibility of the method, or add a Fact attribute to the method. (https://xunit.net/xunit.analyzers/rules/xUnit1013) [c:\Users\toyin\AICO\backend\tests\AICO.IntegrationTests\AICO.IntegrationTests.csproj]
     1>c:\Users\toyin\AICO\backend\tests\AICO.IntegrationTests\MCPIntegrationTests.cs(166,17): warning xUnit1013: Public method 'Dispose' on test class 'MCPIntegrationTests' should be marked as a Fact. Reduce the visibility of the method, or add a Fact attribute to the method. (https://xunit.net/xunit.analyzers/rules/xUnit1013) [c:\Users\toyin\AICO\backend\tests\AICO.IntegrationTests\AICO.IntegrationTests.csproj]
         CompilerServer: server - server processed compilation - AICO.IntegrationTests (net8.0)
     1>Die Erstellung des Projekts "c:\Users\toyin\AICO\backend\tests\AICO.IntegrationTests\AICO.IntegrationTests.csproj" ist abgeschlossen (Standardziele) -- FEHLER.

Fehler beim Buildvorgang.

       "c:\Users\toyin\AICO\backend\tests\AICO.IntegrationTests\AICO.IntegrationTests.csproj" (Standardziel) (1:7) ->
       (CoreCompile Ziel) -> 
         c:\Users\toyin\AICO\backend\tests\AICO.IntegrationTests\AbTestSmokeTests.cs(57,73): warning CS8602: Dereferenzierung eines möglichen Nullverweises. [c:\Users\toyin\AICO\backend\tests\AICO.IntegrationTests\AICO.IntegrationTests.csproj]
         c:\Users\toyin\AICO\backend\tests\AICO.IntegrationTests\AbTestSmokeTests.cs(79,73): warning CS8602: Dereferenzierung eines möglichen Nullverweises. [c:\Users\toyin\AICO\backend\tests\AICO.IntegrationTests\AICO.IntegrationTests.csproj]
         c:\Users\toyin\AICO\backend\tests\AICO.IntegrationTests\AbTestSmokeTests.cs(82,62): warning CS8602: Dereferenzierung eines möglichen Nullverweises. [c:\Users\toyin\AICO\backend\tests\AICO.IntegrationTests\AICO.IntegrationTests.csproj]
         c:\Users\toyin\AICO\backend\tests\AICO.IntegrationTests\WebsiteIntegrationTests.cs(95,36): warning CS1998: In dieser Async-Methode fehlen die "await"-Operatoren, weshalb sie synchron ausgeführt wird. Sie sollten die Verwendung des "await"-Operators oder von "await Task.Run(...)" in Betracht ziehen, um auf nicht blockierende API-Aufrufe zu warten bzw. CPU-gebundene Aufgaben auf einem Hintergrundthread auszuführen. [c:\Users\toyin\AICO\backend\tests\AICO.IntegrationTests\AICO.IntegrationTests.csproj]
         c:\Users\toyin\AICO\backend\tests\AICO.IntegrationTests\AbTestIntegrationTests.cs(131,17): warning CS8625: Ein NULL-Literal kann nicht in einen Non-Nullable-Verweistyp konvertiert werden. [c:\Users\toyin\AICO\backend\tests\AICO.IntegrationTests\AICO.IntegrationTests.csproj]
         c:\Users\toyin\AICO\backend\tests\AICO.IntegrationTests\AbTestIntegrationTests.cs(136,17): warning CS8625: Ein NULL-Literal kann nicht in einen Non-Nullable-Verweistyp konvertiert werden. [c:\Users\toyin\AICO\backend\tests\AICO.IntegrationTests\AICO.IntegrationTests.csproj]
         c:\Users\toyin\AICO\backend\tests\AICO.IntegrationTests\MVPWorkflowTests.cs(39,17): warning CS8602: Dereferenzierung eines möglichen Nullverweises. [c:\Users\toyin\AICO\backend\tests\AICO.IntegrationTests\AICO.IntegrationTests.csproj]
         c:\Users\toyin\AICO\backend\tests\AICO.IntegrationTests\MVPWorkflowTests.cs(47,63): warning CS8602: Dereferenzierung eines möglichen Nullverweises. [c:\Users\toyin\AICO\backend\tests\AICO.IntegrationTests\AICO.IntegrationTests.csproj]
         c:\Users\toyin\AICO\backend\tests\AICO.IntegrationTests\MVPWorkflowTests.cs(57,72): warning CS8602: Dereferenzierung eines möglichen Nullverweises. [c:\Users\toyin\AICO\backend\tests\AICO.IntegrationTests\AICO.IntegrationTests.csproj]
         c:\Users\toyin\AICO\backend\tests\AICO.IntegrationTests\MVPWorkflowTests.cs(81,17): warning CS8602: Dereferenzierung eines möglichen Nullverweises. [c:\Users\toyin\AICO\backend\tests\AICO.IntegrationTests\AICO.IntegrationTests.csproj]
         c:\Users\toyin\AICO\backend\tests\AICO.IntegrationTests\MVPWorkflowTests.cs(88,63): warning CS8602: Dereferenzierung eines möglichen Nullverweises. [c:\Users\toyin\AICO\backend\tests\AICO.IntegrationTests\AICO.IntegrationTests.csproj]
         c:\Users\toyin\AICO\backend\tests\AICO.IntegrationTests\MVPWorkflowTests.cs(94,86): warning CS8602: Dereferenzierung eines möglichen Nullverweises. [c:\Users\toyin\AICO\backend\tests\AICO.IntegrationTests\AICO.IntegrationTests.csproj]
         c:\Users\toyin\AICO\backend\tests\AICO.IntegrationTests\MCPIntegrationTests.cs(136,27): warning CS8602: Dereferenzierung eines möglichen Nullverweises. [c:\Users\toyin\AICO\backend\tests\AICO.IntegrationTests\AICO.IntegrationTests.csproj]
         c:\Users\toyin\AICO\backend\tests\AICO.IntegrationTests\WebsiteIntegrationTests.cs(121,21): warning xUnit1013: Public method 'Dispose' on test class 'WebsiteIntegrationTests' should be marked as a Fact. Reduce the visibility of the method, or add a Fact attribute to the method. (https://xunit.net/xunit.analyzers/rules/xUnit1013) [c:\Users\toyin\AICO\backend\tests\AICO.IntegrationTests\AICO.IntegrationTests.csproj]
         c:\Users\toyin\AICO\backend\tests\AICO.IntegrationTests\MCPIntegrationTests.cs(166,17): warning xUnit1013: Public method 'Dispose' on test class 'MCPIntegrationTests' should be marked as a Fact. Reduce the visibility of the method, or add a Fact attribute to the method. (https://xunit.net/xunit.analyzers/rules/xUnit1013) [c:\Users\toyin\AICO\backend\tests\AICO.IntegrationTests\AICO.IntegrationTests.csproj]


       "c:\Users\toyin\AICO\backend\tests\AICO.IntegrationTests\AICO.IntegrationTests.csproj" (Standardziel) (1:7) ->
       (CoreCompile Ziel) -> 
         c:\Users\toyin\AICO\backend\tests\AICO.IntegrationTests\BasicSmokeTest.cs(63,37): error CS7036: Es wurde kein Argument angegeben, das dem erforderlichen Parameter "fileSecurity" von "FileSystemAclExtensions.Create(FileInfo, FileMode, FileSystemRights, FileShare, int, FileOptions, FileSecurity?)" entspricht. [c:\Users\toyin\AICO\backend\tests\AICO.IntegrationTests\AICO.IntegrationTests.csproj]
         c:\Users\toyin\AICO\backend\tests\AICO.IntegrationTests\TestWebApplicationFactory.cs(68,32): error CS1729: "User" enthält keinen Konstruktor, der 2 Argumente annimmt. [c:\Users\toyin\AICO\backend\tests\AICO.IntegrationTests\AICO.IntegrationTests.csproj]
         c:\Users\toyin\AICO\backend\tests\AICO.IntegrationTests\TestWebApplicationFactory.cs(75,35): error CS1729: "Website" enthält keinen Konstruktor, der 3 Argumente annimmt. [c:\Users\toyin\AICO\backend\tests\AICO.IntegrationTests\AICO.IntegrationTests.csproj]
         c:\Users\toyin\AICO\backend\tests\AICO.IntegrationTests\TestWebApplicationFactory.cs(103,17): error CS0200: Für die Eigenschaft oder den Indexer "AbTest.WebsiteId" ist eine Zuweisung nicht möglich. Sie sind schreibgeschützt. [c:\Users\toyin\AICO\backend\tests\AICO.IntegrationTests\AICO.IntegrationTests.csproj]
         c:\Users\toyin\AICO\backend\tests\AICO.IntegrationTests\TestWebApplicationFactory.cs(113,17): error CS1503: Argument "5": Konvertierung von "bool" in "string?" nicht möglich. [c:\Users\toyin\AICO\backend\tests\AICO.IntegrationTests\AICO.IntegrationTests.csproj]
         c:\Users\toyin\AICO\backend\tests\AICO.IntegrationTests\TestWebApplicationFactory.cs(124,17): error CS1503: Argument "5": Konvertierung von "bool" in "string?" nicht möglich. [c:\Users\toyin\AICO\backend\tests\AICO.IntegrationTests\AICO.IntegrationTests.csproj]
         c:\Users\toyin\AICO\backend\tests\AICO.IntegrationTests\TestWebApplicationFactory.cs(130,21): error CS1061: "AicoDbContext" enthält keine Definition für "AbTestVariants", und es konnte keine zugängliche AbTestVariants-Erweiterungsmethode gefunden werden, die ein erstes Argument vom Typ "AicoDbContext" akzeptiert (möglicherweise fehlt eine using-Direktive oder ein Assemblyverweis). [c:\Users\toyin\AICO\backend\tests\AICO.IntegrationTests\AICO.IntegrationTests.csproj]

    15 Warnung(en)
    7 Fehler

Verstrichene Zeit 00:00:13.25
