  Wiederherzustellende Projekte werden ermittelt...
  Alle Projekte sind f├╝r die Wiederherstellung auf dem neuesten Stand.
  AICO.Shared -> C:\Users\toyin\AICO\backend\src\AICO.Shared\bin\Debug\net8.0\AICO.Shared.dll
C:\Users\toyin\AICO\backend\src\AICO.Domain\DTOs\TokenResponse.cs(5,19): warning CS8618: Non-Nullable-Eigenschaft ÔÇ×AccessTokenÔÇ£ muss beim Beenden des Konstruktors einen Wert ungleich NULL enthalten. F├╝gen Sie ggf. den ÔÇ×erforderlichenÔÇ£ Modifizierer hinzu, oder deklarieren Sie den Eigenschaft als NULL-Werte zulassend. [C:\Users\toyin\AICO\backend\src\AICO.Domain\AICO.Domain.csproj]
C:\Users\toyin\AICO\backend\src\AICO.Domain\DTOs\TokenResponse.cs(6,19): warning CS8618: Non-Nullable-Eigenschaft ÔÇ×RefreshTokenÔÇ£ muss beim Beenden des Konstruktors einen Wert ungleich NULL enthalten. F├╝gen Sie ggf. den ÔÇ×erforderlichenÔÇ£ Modifizierer hinzu, oder deklarieren Sie den Eigenschaft als NULL-Werte zulassend. [C:\Users\toyin\AICO\backend\src\AICO.Domain\AICO.Domain.csproj]
C:\Users\toyin\AICO\backend\src\AICO.Domain\DTOs\RevenueDto.cs(13,23): warning CS8618: Non-Nullable-Eigenschaft ÔÇ×CurrencyÔÇ£ muss beim Beenden des Konstruktors einen Wert ungleich NULL enthalten. F├╝gen Sie ggf. den ÔÇ×erforderlichenÔÇ£ Modifizierer hinzu, oder deklarieren Sie den Eigenschaft als NULL-Werte zulassend. [C:\Users\toyin\AICO\backend\src\AICO.Domain\AICO.Domain.csproj]
C:\Users\toyin\AICO\backend\src\AICO.Domain\DTOs\RevenueDto.cs(14,23): warning CS8618: Non-Nullable-Eigenschaft ÔÇ×SourceÔÇ£ muss beim Beenden des Konstruktors einen Wert ungleich NULL enthalten. F├╝gen Sie ggf. den ÔÇ×erforderlichenÔÇ£ Modifizierer hinzu, oder deklarieren Sie den Eigenschaft als NULL-Werte zulassend. [C:\Users\toyin\AICO\backend\src\AICO.Domain\AICO.Domain.csproj]
C:\Users\toyin\AICO\backend\src\AICO.Domain\DTOs\RevenueDto.cs(15,23): warning CS8618: Non-Nullable-Eigenschaft ÔÇ×TransactionIdÔÇ£ muss beim Beenden des Konstruktors einen Wert ungleich NULL enthalten. F├╝gen Sie ggf. den ÔÇ×erforderlichenÔÇ£ Modifizierer hinzu, oder deklarieren Sie den Eigenschaft als NULL-Werte zulassend. [C:\Users\toyin\AICO\backend\src\AICO.Domain\AICO.Domain.csproj]
C:\Users\toyin\AICO\backend\src\AICO.Domain\DTOs\RevenueDto.cs(16,23): warning CS8618: Non-Nullable-Eigenschaft ÔÇ×MetadataÔÇ£ muss beim Beenden des Konstruktors einen Wert ungleich NULL enthalten. F├╝gen Sie ggf. den ÔÇ×erforderlichenÔÇ£ Modifizierer hinzu, oder deklarieren Sie den Eigenschaft als NULL-Werte zulassend. [C:\Users\toyin\AICO\backend\src\AICO.Domain\AICO.Domain.csproj]
C:\Users\toyin\AICO\backend\src\AICO.Domain\ValueObjects\TestType.cs(58,70): warning CS8603: M├Âgliche Nullverweisr├╝ckgabe. [C:\Users\toyin\AICO\backend\src\AICO.Domain\AICO.Domain.csproj]
C:\Users\toyin\AICO\backend\src\AICO.Domain\ValueObjects\Money.cs(11,17): warning CS8618: Non-Nullable-Eigenschaft ÔÇ×CurrencyÔÇ£ muss beim Beenden des Konstruktors einen Wert ungleich NULL enthalten. F├╝gen Sie ggf. den ÔÇ×erforderlichenÔÇ£ Modifizierer hinzu, oder deklarieren Sie den Eigenschaft als NULL-Werte zulassend. [C:\Users\toyin\AICO\backend\src\AICO.Domain\AICO.Domain.csproj]
C:\Users\toyin\AICO\backend\src\AICO.Domain\DTOs\RevenueReportSource.cs(8,31): warning CS8618: Non-Nullable-Eigenschaft ÔÇ×MetricsÔÇ£ muss beim Beenden des Konstruktors einen Wert ungleich NULL enthalten. F├╝gen Sie ggf. den ÔÇ×erforderlichenÔÇ£ Modifizierer hinzu, oder deklarieren Sie den Eigenschaft als NULL-Werte zulassend. [C:\Users\toyin\AICO\backend\src\AICO.Domain\AICO.Domain.csproj]
C:\Users\toyin\AICO\backend\src\AICO.Domain\DTOs\RevenueReportSource.cs(10,23): warning CS8618: Non-Nullable-Eigenschaft ÔÇ×WinningVariantÔÇ£ muss beim Beenden des Konstruktors einen Wert ungleich NULL enthalten. F├╝gen Sie ggf. den ÔÇ×erforderlichenÔÇ£ Modifizierer hinzu, oder deklarieren Sie den Eigenschaft als NULL-Werte zulassend. [C:\Users\toyin\AICO\backend\src\AICO.Domain\AICO.Domain.csproj]
C:\Users\toyin\AICO\backend\src\AICO.Domain\Services\AnalysisService.cs(72,33): warning CS1998: In dieser Async-Methode fehlen die "await"-Operatoren, weshalb sie synchron ausgef├╝hrt wird. Sie sollten die Verwendung des "await"-Operators oder von "await Task.Run(...)" in Betracht ziehen, um auf nicht blockierende API-Aufrufe zu warten bzw. CPU-gebundene Aufgaben auf einem Hintergrundthread auszuf├╝hren. [C:\Users\toyin\AICO\backend\src\AICO.Domain\AICO.Domain.csproj]
C:\Users\toyin\AICO\backend\src\AICO.Domain\Services\AuditService.cs(46,41): warning CS8604: M├Âgliches Nullverweisargument f├╝r den Parameter "createdBy" in "void BaseEntity.SetAuditInfo(string createdBy, string? modifiedBy = null)". [C:\Users\toyin\AICO\backend\src\AICO.Domain\AICO.Domain.csproj]
C:\Users\toyin\AICO\backend\src\AICO.Domain\Services\AbTestService.cs(63,27): error CS0103: Der Name "TestType" ist im aktuellen Kontext nicht vorhanden. [C:\Users\toyin\AICO\backend\src\AICO.Domain\AICO.Domain.csproj]
C:\Users\toyin\AICO\backend\src\AICO.Domain\Services\AbTestService.cs(82,21): error CS0272: Die Eigenschaft oder der Indexer "Variant.AbTestId" kann in diesem Kontext nicht verwendet werden, da nicht auf den set-Accessor zugegriffen werden kann. [C:\Users\toyin\AICO\backend\src\AICO.Domain\AICO.Domain.csproj]
C:\Users\toyin\AICO\backend\src\AICO.Domain\Services\AnalysisService.cs(106,20): warning CS8603: M├Âgliche Nullverweisr├╝ckgabe. [C:\Users\toyin\AICO\backend\src\AICO.Domain\AICO.Domain.csproj]
C:\Users\toyin\AICO\backend\src\AICO.Domain\Services\AnalysisService.cs(122,20): warning CS8603: M├Âgliche Nullverweisr├╝ckgabe. [C:\Users\toyin\AICO\backend\src\AICO.Domain\AICO.Domain.csproj]
C:\Users\toyin\AICO\backend\src\AICO.Domain\Services\CampaignService.cs(28,47): warning CS8604: M├Âgliches Nullverweisargument f├╝r den Parameter "description" in "Campaign.Campaign(string name, string description, Guid websiteId, Guid userId)". [C:\Users\toyin\AICO\backend\src\AICO.Domain\AICO.Domain.csproj]
C:\Users\toyin\AICO\backend\src\AICO.Domain\Services\RecommendationService.cs(30,43): warning CS1998: In dieser Async-Methode fehlen die "await"-Operatoren, weshalb sie synchron ausgef├╝hrt wird. Sie sollten die Verwendung des "await"-Operators oder von "await Task.Run(...)" in Betracht ziehen, um auf nicht blockierende API-Aufrufe zu warten bzw. CPU-gebundene Aufgaben auf einem Hintergrundthread auszuf├╝hren. [C:\Users\toyin\AICO\backend\src\AICO.Domain\AICO.Domain.csproj]
C:\Users\toyin\AICO\backend\src\AICO.Domain\Services\VariantGenerationService.cs(126,114): error CS1061: "VariantGenerationRequest" enth├ñlt keine Definition f├╝r "NumberOfVariants", und es konnte keine zug├ñngliche NumberOfVariants-Erweiterungsmethode gefunden werden, die ein erstes Argument vom Typ "VariantGenerationRequest" akzeptiert (m├Âglicherweise fehlt eine using-Direktive oder ein Assemblyverweis). [C:\Users\toyin\AICO\backend\src\AICO.Domain\AICO.Domain.csproj]
C:\Users\toyin\AICO\backend\src\AICO.Domain\Services\VariantGenerationService.cs(126,140): error CS1061: "VariantGenerationRequest" enth├ñlt keine Definition f├╝r "GenerationPrompt", und es konnte keine zug├ñngliche GenerationPrompt-Erweiterungsmethode gefunden werden, die ein erstes Argument vom Typ "VariantGenerationRequest" akzeptiert (m├Âglicherweise fehlt eine using-Direktive oder ein Assemblyverweis). [C:\Users\toyin\AICO\backend\src\AICO.Domain\AICO.Domain.csproj]
C:\Users\toyin\AICO\backend\src\AICO.Domain\Services\VariantGenerationService.cs(131,39): error CS0122: 'Der Zugriff auf "Variant.Variant()" ist aufgrund des Schutzgrads nicht m├Âglich. [C:\Users\toyin\AICO\backend\src\AICO.Domain\AICO.Domain.csproj]
C:\Users\toyin\AICO\backend\src\AICO.Domain\Services\VariantGenerationService.cs(133,25): error CS0272: Die Eigenschaft oder der Indexer "Variant.Name" kann in diesem Kontext nicht verwendet werden, da nicht auf den set-Accessor zugegriffen werden kann. [C:\Users\toyin\AICO\backend\src\AICO.Domain\AICO.Domain.csproj]
C:\Users\toyin\AICO\backend\src\AICO.Domain\Services\VariantGenerationService.cs(134,25): error CS0117: "Variant" enth├ñlt keine Definition f├╝r "HtmlContent". [C:\Users\toyin\AICO\backend\src\AICO.Domain\AICO.Domain.csproj]
C:\Users\toyin\AICO\backend\src\AICO.Domain\Services\VariantGenerationService.cs(135,25): error CS0272: Die Eigenschaft oder der Indexer "Variant.AbTestId" kann in diesem Kontext nicht verwendet werden, da nicht auf den set-Accessor zugegriffen werden kann. [C:\Users\toyin\AICO\backend\src\AICO.Domain\AICO.Domain.csproj]
C:\Users\toyin\AICO\backend\src\AICO.Domain\Services\VariantGenerationService.cs(135,44): error CS1061: "VariantGenerationRequest" enth├ñlt keine Definition f├╝r "AbTestId", und es konnte keine zug├ñngliche AbTestId-Erweiterungsmethode gefunden werden, die ein erstes Argument vom Typ "VariantGenerationRequest" akzeptiert (m├Âglicherweise fehlt eine using-Direktive oder ein Assemblyverweis). [C:\Users\toyin\AICO\backend\src\AICO.Domain\AICO.Domain.csproj]
C:\Users\toyin\AICO\backend\src\AICO.Domain\Services\VariantGenerationService.cs(136,25): error CS0272: Die Eigenschaft oder der Indexer "Variant.IsControl" kann in diesem Kontext nicht verwendet werden, da nicht auf den set-Accessor zugegriffen werden kann. [C:\Users\toyin\AICO\backend\src\AICO.Domain\AICO.Domain.csproj]
C:\Users\toyin\AICO\backend\src\AICO.Domain\Services\VariantGenerationService.cs(137,25): error CS0117: "Variant" enth├ñlt keine Definition f├╝r "TrafficSplitPercentage". [C:\Users\toyin\AICO\backend\src\AICO.Domain\AICO.Domain.csproj]
C:\Users\toyin\AICO\backend\src\AICO.Domain\Services\RecommendationService.cs(46,27): warning CS1998: In dieser Async-Methode fehlen die "await"-Operatoren, weshalb sie synchron ausgef├╝hrt wird. Sie sollten die Verwendung des "await"-Operators oder von "await Task.Run(...)" in Betracht ziehen, um auf nicht blockierende API-Aufrufe zu warten bzw. CPU-gebundene Aufgaben auf einem Hintergrundthread auszuf├╝hren. [C:\Users\toyin\AICO\backend\src\AICO.Domain\AICO.Domain.csproj]
C:\Users\toyin\AICO\backend\src\AICO.Domain\Services\VariantGenerationService.cs(159,31): error CS0122: 'Der Zugriff auf "Variant.Variant()" ist aufgrund des Schutzgrads nicht m├Âglich. [C:\Users\toyin\AICO\backend\src\AICO.Domain\AICO.Domain.csproj]
C:\Users\toyin\AICO\backend\src\AICO.Domain\Services\VariantGenerationService.cs(161,17): error CS0272: Die Eigenschaft oder der Indexer "Variant.Name" kann in diesem Kontext nicht verwendet werden, da nicht auf den set-Accessor zugegriffen werden kann. [C:\Users\toyin\AICO\backend\src\AICO.Domain\AICO.Domain.csproj]
C:\Users\toyin\AICO\backend\src\AICO.Domain\Services\VariantGenerationService.cs(162,17): error CS0117: "Variant" enth├ñlt keine Definition f├╝r "HtmlContent". [C:\Users\toyin\AICO\backend\src\AICO.Domain\AICO.Domain.csproj]
C:\Users\toyin\AICO\backend\src\AICO.Domain\Services\VariantGenerationService.cs(163,17): error CS0117: "Variant" enth├ñlt keine Definition f├╝r "Description". [C:\Users\toyin\AICO\backend\src\AICO.Domain\AICO.Domain.csproj]
C:\Users\toyin\AICO\backend\src\AICO.Domain\Services\VariantGenerationService.cs(164,17): error CS0272: Die Eigenschaft oder der Indexer "Variant.AbTestId" kann in diesem Kontext nicht verwendet werden, da nicht auf den set-Accessor zugegriffen werden kann. [C:\Users\toyin\AICO\backend\src\AICO.Domain\AICO.Domain.csproj]
C:\Users\toyin\AICO\backend\src\AICO.Domain\Services\VariantGenerationService.cs(165,17): error CS0272: Die Eigenschaft oder der Indexer "Variant.IsControl" kann in diesem Kontext nicht verwendet werden, da nicht auf den set-Accessor zugegriffen werden kann. [C:\Users\toyin\AICO\backend\src\AICO.Domain\AICO.Domain.csproj]
C:\Users\toyin\AICO\backend\src\AICO.Domain\Services\VariantGenerationService.cs(166,17): error CS0117: "Variant" enth├ñlt keine Definition f├╝r "TrafficSplitPercentage". [C:\Users\toyin\AICO\backend\src\AICO.Domain\AICO.Domain.csproj]
C:\Users\toyin\AICO\backend\src\AICO.Domain\Services\VariantGenerationService.cs(177,37): error CS1061: "IAIService" enth├ñlt keine Definition f├╝r "AnalyzePageAsync", und es konnte keine zug├ñngliche AnalyzePageAsync-Erweiterungsmethode gefunden werden, die ein erstes Argument vom Typ "IAIService" akzeptiert (m├Âglicherweise fehlt eine using-Direktive oder ein Assemblyverweis). [C:\Users\toyin\AICO\backend\src\AICO.Domain\AICO.Domain.csproj]
C:\Users\toyin\AICO\backend\src\AICO.Domain\Services\VariantGenerationService.cs(183,37): error CS1061: "IAIService" enth├ñlt keine Definition f├╝r "GenerateCopyAsync", und es konnte keine zug├ñngliche GenerateCopyAsync-Erweiterungsmethode gefunden werden, die ein erstes Argument vom Typ "IAIService" akzeptiert (m├Âglicherweise fehlt eine using-Direktive oder ein Assemblyverweis). [C:\Users\toyin\AICO\backend\src\AICO.Domain\AICO.Domain.csproj]
C:\Users\toyin\AICO\backend\src\AICO.Domain\Services\VariantGenerationService.cs(189,37): error CS1061: "IAIService" enth├ñlt keine Definition f├╝r "GenerateHeadlinesAsync", und es konnte keine zug├ñngliche GenerateHeadlinesAsync-Erweiterungsmethode gefunden werden, die ein erstes Argument vom Typ "IAIService" akzeptiert (m├Âglicherweise fehlt eine using-Direktive oder ein Assemblyverweis). [C:\Users\toyin\AICO\backend\src\AICO.Domain\AICO.Domain.csproj]
C:\Users\toyin\AICO\backend\src\AICO.Domain\Services\VariantGenerationService.cs(195,37): error CS1061: "IAIService" enth├ñlt keine Definition f├╝r "GenerateCtasAsync", und es konnte keine zug├ñngliche GenerateCtasAsync-Erweiterungsmethode gefunden werden, die ein erstes Argument vom Typ "IAIService" akzeptiert (m├Âglicherweise fehlt eine using-Direktive oder ein Assemblyverweis). [C:\Users\toyin\AICO\backend\src\AICO.Domain\AICO.Domain.csproj]
C:\Users\toyin\AICO\backend\src\AICO.Domain\Services\VariantGenerationService.cs(213,77): error CS0117: "VariantPerformancePrediction" enth├ñlt keine Definition f├╝r "PredictedConversionRate". [C:\Users\toyin\AICO\backend\src\AICO.Domain\AICO.Domain.csproj]
C:\Users\toyin\AICO\backend\src\AICO.Domain\Services\VariantGenerationService.cs(230,13): error CS0272: Die Eigenschaft oder der Indexer "Variant.Conversions" kann in diesem Kontext nicht verwendet werden, da nicht auf den set-Accessor zugegriffen werden kann. [C:\Users\toyin\AICO\backend\src\AICO.Domain\AICO.Domain.csproj]
C:\Users\toyin\AICO\backend\src\AICO.Domain\Services\AbTestService.cs(123,17): error CS0266: Der Typ "decimal" kann nicht implizit in "int" konvertiert werden. Es ist bereits eine explizite Konvertierung vorhanden (m├Âglicherweise fehlt eine Umwandlung). [C:\Users\toyin\AICO\backend\src\AICO.Domain\AICO.Domain.csproj]
C:\Users\toyin\AICO\backend\src\AICO.Domain\Entities\AbTestVariant.cs(72,16): warning CS8618: Non-Nullable-Eigenschaft ÔÇ×AbTestÔÇ£ muss beim Beenden des Konstruktors einen Wert ungleich NULL enthalten. F├╝gen Sie ggf. den ÔÇ×erforderlichenÔÇ£ Modifizierer hinzu, oder deklarieren Sie den Eigenschaft als NULL-Werte zulassend. [C:\Users\toyin\AICO\backend\src\AICO.Domain\AICO.Domain.csproj]
C:\Users\toyin\AICO\backend\src\AICO.Domain\Entities\User.cs(90,17): warning CS8618: Non-Nullable-Eigenschaft ÔÇ×EmailÔÇ£ muss beim Beenden des Konstruktors einen Wert ungleich NULL enthalten. F├╝gen Sie ggf. den ÔÇ×erforderlichenÔÇ£ Modifizierer hinzu, oder deklarieren Sie den Eigenschaft als NULL-Werte zulassend. [C:\Users\toyin\AICO\backend\src\AICO.Domain\AICO.Domain.csproj]
C:\Users\toyin\AICO\backend\src\AICO.Domain\Entities\User.cs(90,17): warning CS8618: Non-Nullable-Eigenschaft ÔÇ×UsernameÔÇ£ muss beim Beenden des Konstruktors einen Wert ungleich NULL enthalten. F├╝gen Sie ggf. den ÔÇ×erforderlichenÔÇ£ Modifizierer hinzu, oder deklarieren Sie den Eigenschaft als NULL-Werte zulassend. [C:\Users\toyin\AICO\backend\src\AICO.Domain\AICO.Domain.csproj]
C:\Users\toyin\AICO\backend\src\AICO.Domain\Entities\User.cs(90,17): warning CS8618: Non-Nullable-Eigenschaft ÔÇ×FirstNameÔÇ£ muss beim Beenden des Konstruktors einen Wert ungleich NULL enthalten. F├╝gen Sie ggf. den ÔÇ×erforderlichenÔÇ£ Modifizierer hinzu, oder deklarieren Sie den Eigenschaft als NULL-Werte zulassend. [C:\Users\toyin\AICO\backend\src\AICO.Domain\AICO.Domain.csproj]
C:\Users\toyin\AICO\backend\src\AICO.Domain\Entities\User.cs(90,17): warning CS8618: Non-Nullable-Eigenschaft ÔÇ×LastNameÔÇ£ muss beim Beenden des Konstruktors einen Wert ungleich NULL enthalten. F├╝gen Sie ggf. den ÔÇ×erforderlichenÔÇ£ Modifizierer hinzu, oder deklarieren Sie den Eigenschaft als NULL-Werte zulassend. [C:\Users\toyin\AICO\backend\src\AICO.Domain\AICO.Domain.csproj]
C:\Users\toyin\AICO\backend\src\AICO.Domain\Entities\User.cs(90,17): warning CS8618: Non-Nullable-Eigenschaft ÔÇ×PasswordHashÔÇ£ muss beim Beenden des Konstruktors einen Wert ungleich NULL enthalten. F├╝gen Sie ggf. den ÔÇ×erforderlichenÔÇ£ Modifizierer hinzu, oder deklarieren Sie den Eigenschaft als NULL-Werte zulassend. [C:\Users\toyin\AICO\backend\src\AICO.Domain\AICO.Domain.csproj]
C:\Users\toyin\AICO\backend\src\AICO.Domain\Entities\User.cs(90,17): warning CS8618: Non-Nullable-Eigenschaft ÔÇ×PasswordSaltÔÇ£ muss beim Beenden des Konstruktors einen Wert ungleich NULL enthalten. F├╝gen Sie ggf. den ÔÇ×erforderlichenÔÇ£ Modifizierer hinzu, oder deklarieren Sie den Eigenschaft als NULL-Werte zulassend. [C:\Users\toyin\AICO\backend\src\AICO.Domain\AICO.Domain.csproj]
C:\Users\toyin\AICO\backend\src\AICO.Domain\Entities\User.cs(90,17): warning CS8618: Non-Nullable-Eigenschaft ÔÇ×RoleÔÇ£ muss beim Beenden des Konstruktors einen Wert ungleich NULL enthalten. F├╝gen Sie ggf. den ÔÇ×erforderlichenÔÇ£ Modifizierer hinzu, oder deklarieren Sie den Eigenschaft als NULL-Werte zulassend. [C:\Users\toyin\AICO\backend\src\AICO.Domain\AICO.Domain.csproj]
C:\Users\toyin\AICO\backend\src\AICO.Domain\Entities\AbTest.cs(191,16): warning CS8618: Non-Nullable-Eigenschaft ÔÇ×CampaignÔÇ£ muss beim Beenden des Konstruktors einen Wert ungleich NULL enthalten. F├╝gen Sie ggf. den ÔÇ×erforderlichenÔÇ£ Modifizierer hinzu, oder deklarieren Sie den Eigenschaft als NULL-Werte zulassend. [C:\Users\toyin\AICO\backend\src\AICO.Domain\AICO.Domain.csproj]
C:\Users\toyin\AICO\backend\src\AICO.Domain\Entities\AbTest.cs(191,16): warning CS8618: Non-Nullable-Eigenschaft ÔÇ×WebsiteÔÇ£ muss beim Beenden des Konstruktors einen Wert ungleich NULL enthalten. F├╝gen Sie ggf. den ÔÇ×erforderlichenÔÇ£ Modifizierer hinzu, oder deklarieren Sie den Eigenschaft als NULL-Werte zulassend. [C:\Users\toyin\AICO\backend\src\AICO.Domain\AICO.Domain.csproj]
C:\Users\toyin\AICO\backend\src\AICO.Domain\Entities\AbTest.cs(217,16): warning CS8618: Non-Nullable-Eigenschaft ÔÇ×CampaignÔÇ£ muss beim Beenden des Konstruktors einen Wert ungleich NULL enthalten. F├╝gen Sie ggf. den ÔÇ×erforderlichenÔÇ£ Modifizierer hinzu, oder deklarieren Sie den Eigenschaft als NULL-Werte zulassend. [C:\Users\toyin\AICO\backend\src\AICO.Domain\AICO.Domain.csproj]
C:\Users\toyin\AICO\backend\src\AICO.Domain\Entities\AbTest.cs(217,16): warning CS8618: Non-Nullable-Eigenschaft ÔÇ×WebsiteÔÇ£ muss beim Beenden des Konstruktors einen Wert ungleich NULL enthalten. F├╝gen Sie ggf. den ÔÇ×erforderlichenÔÇ£ Modifizierer hinzu, oder deklarieren Sie den Eigenschaft als NULL-Werte zulassend. [C:\Users\toyin\AICO\backend\src\AICO.Domain\AICO.Domain.csproj]
C:\Users\toyin\AICO\backend\src\AICO.Domain\Entities\User.cs(121,29): warning CS8601: M├Âgliche Nullverweiszuweisung. [C:\Users\toyin\AICO\backend\src\AICO.Domain\AICO.Domain.csproj]
C:\Users\toyin\AICO\backend\src\AICO.Domain\Entities\User.cs(122,28): warning CS8601: M├Âgliche Nullverweiszuweisung. [C:\Users\toyin\AICO\backend\src\AICO.Domain\AICO.Domain.csproj]
C:\Users\toyin\AICO\backend\src\AICO.Domain\Entities\Campaign.cs(68,17): warning CS8618: Non-Nullable-Eigenschaft ÔÇ×NameÔÇ£ muss beim Beenden des Konstruktors einen Wert ungleich NULL enthalten. F├╝gen Sie ggf. den ÔÇ×erforderlichenÔÇ£ Modifizierer hinzu, oder deklarieren Sie den Eigenschaft als NULL-Werte zulassend. [C:\Users\toyin\AICO\backend\src\AICO.Domain\AICO.Domain.csproj]
C:\Users\toyin\AICO\backend\src\AICO.Domain\Entities\Campaign.cs(68,17): warning CS8618: Non-Nullable-Eigenschaft ÔÇ×DescriptionÔÇ£ muss beim Beenden des Konstruktors einen Wert ungleich NULL enthalten. F├╝gen Sie ggf. den ÔÇ×erforderlichenÔÇ£ Modifizierer hinzu, oder deklarieren Sie den Eigenschaft als NULL-Werte zulassend. [C:\Users\toyin\AICO\backend\src\AICO.Domain\AICO.Domain.csproj]
C:\Users\toyin\AICO\backend\src\AICO.Domain\Entities\Campaign.cs(68,17): warning CS8618: Non-Nullable-Eigenschaft ÔÇ×WebsiteÔÇ£ muss beim Beenden des Konstruktors einen Wert ungleich NULL enthalten. F├╝gen Sie ggf. den ÔÇ×erforderlichenÔÇ£ Modifizierer hinzu, oder deklarieren Sie den Eigenschaft als NULL-Werte zulassend. [C:\Users\toyin\AICO\backend\src\AICO.Domain\AICO.Domain.csproj]
C:\Users\toyin\AICO\backend\src\AICO.Domain\Entities\Campaign.cs(68,17): warning CS8618: Non-Nullable-Eigenschaft ÔÇ×UserÔÇ£ muss beim Beenden des Konstruktors einen Wert ungleich NULL enthalten. F├╝gen Sie ggf. den ÔÇ×erforderlichenÔÇ£ Modifizierer hinzu, oder deklarieren Sie den Eigenschaft als NULL-Werte zulassend. [C:\Users\toyin\AICO\backend\src\AICO.Domain\AICO.Domain.csproj]
C:\Users\toyin\AICO\backend\src\AICO.Domain\Entities\User.cs(137,25): warning CS8601: M├Âgliche Nullverweiszuweisung. [C:\Users\toyin\AICO\backend\src\AICO.Domain\AICO.Domain.csproj]
C:\Users\toyin\AICO\backend\src\AICO.Domain\Entities\User.cs(138,24): warning CS8601: M├Âgliche Nullverweiszuweisung. [C:\Users\toyin\AICO\backend\src\AICO.Domain\AICO.Domain.csproj]
C:\Users\toyin\AICO\backend\src\AICO.Domain\Entities\Campaign.cs(73,16): warning CS8618: Non-Nullable-Eigenschaft ÔÇ×WebsiteÔÇ£ muss beim Beenden des Konstruktors einen Wert ungleich NULL enthalten. F├╝gen Sie ggf. den ÔÇ×erforderlichenÔÇ£ Modifizierer hinzu, oder deklarieren Sie den Eigenschaft als NULL-Werte zulassend. [C:\Users\toyin\AICO\backend\src\AICO.Domain\AICO.Domain.csproj]
C:\Users\toyin\AICO\backend\src\AICO.Domain\Entities\Campaign.cs(73,16): warning CS8618: Non-Nullable-Eigenschaft ÔÇ×UserÔÇ£ muss beim Beenden des Konstruktors einen Wert ungleich NULL enthalten. F├╝gen Sie ggf. den ÔÇ×erforderlichenÔÇ£ Modifizierer hinzu, oder deklarieren Sie den Eigenschaft als NULL-Werte zulassend. [C:\Users\toyin\AICO\backend\src\AICO.Domain\AICO.Domain.csproj]
C:\Users\toyin\AICO\backend\src\AICO.Domain\Entities\BaseEntity.cs(48,23): warning CS8618: Non-Nullable-Eigenschaft ÔÇ×RowVersionÔÇ£ muss beim Beenden des Konstruktors einen Wert ungleich NULL enthalten. F├╝gen Sie ggf. den ÔÇ×erforderlichenÔÇ£ Modifizierer hinzu, oder deklarieren Sie den Eigenschaft als NULL-Werte zulassend. [C:\Users\toyin\AICO\backend\src\AICO.Domain\AICO.Domain.csproj]
C:\Users\toyin\AICO\backend\src\AICO.Domain\Entities\Metric.cs(57,17): warning CS8618: Non-Nullable-Eigenschaft ÔÇ×NameÔÇ£ muss beim Beenden des Konstruktors einen Wert ungleich NULL enthalten. F├╝gen Sie ggf. den ÔÇ×erforderlichenÔÇ£ Modifizierer hinzu, oder deklarieren Sie den Eigenschaft als NULL-Werte zulassend. [C:\Users\toyin\AICO\backend\src\AICO.Domain\AICO.Domain.csproj]
C:\Users\toyin\AICO\backend\src\AICO.Domain\Entities\Metric.cs(57,17): warning CS8618: Non-Nullable-Eigenschaft ÔÇ×CategoryÔÇ£ muss beim Beenden des Konstruktors einen Wert ungleich NULL enthalten. F├╝gen Sie ggf. den ÔÇ×erforderlichenÔÇ£ Modifizierer hinzu, oder deklarieren Sie den Eigenschaft als NULL-Werte zulassend. [C:\Users\toyin\AICO\backend\src\AICO.Domain\AICO.Domain.csproj]
C:\Users\toyin\AICO\backend\src\AICO.Domain\Entities\Recommendation.cs(92,17): warning CS8618: Non-Nullable-Eigenschaft ÔÇ×RecommendationTypeÔÇ£ muss beim Beenden des Konstruktors einen Wert ungleich NULL enthalten. F├╝gen Sie ggf. den ÔÇ×erforderlichenÔÇ£ Modifizierer hinzu, oder deklarieren Sie den Eigenschaft als NULL-Werte zulassend. [C:\Users\toyin\AICO\backend\src\AICO.Domain\AICO.Domain.csproj]
C:\Users\toyin\AICO\backend\src\AICO.Domain\Entities\Recommendation.cs(92,17): warning CS8618: Non-Nullable-Eigenschaft ÔÇ×TitleÔÇ£ muss beim Beenden des Konstruktors einen Wert ungleich NULL enthalten. F├╝gen Sie ggf. den ÔÇ×erforderlichenÔÇ£ Modifizierer hinzu, oder deklarieren Sie den Eigenschaft als NULL-Werte zulassend. [C:\Users\toyin\AICO\backend\src\AICO.Domain\AICO.Domain.csproj]
C:\Users\toyin\AICO\backend\src\AICO.Domain\Entities\Recommendation.cs(92,17): warning CS8618: Non-Nullable-Eigenschaft ÔÇ×DescriptionÔÇ£ muss beim Beenden des Konstruktors einen Wert ungleich NULL enthalten. F├╝gen Sie ggf. den ÔÇ×erforderlichenÔÇ£ Modifizierer hinzu, oder deklarieren Sie den Eigenschaft als NULL-Werte zulassend. [C:\Users\toyin\AICO\backend\src\AICO.Domain\AICO.Domain.csproj]
C:\Users\toyin\AICO\backend\src\AICO.Domain\Entities\Revenue.cs(94,17): warning CS8618: Non-Nullable-Eigenschaft ÔÇ×SourceÔÇ£ muss beim Beenden des Konstruktors einen Wert ungleich NULL enthalten. F├╝gen Sie ggf. den ÔÇ×erforderlichenÔÇ£ Modifizierer hinzu, oder deklarieren Sie den Eigenschaft als NULL-Werte zulassend. [C:\Users\toyin\AICO\backend\src\AICO.Domain\AICO.Domain.csproj]

Fehler beim Buildvorgang.

C:\Users\toyin\AICO\backend\src\AICO.Domain\DTOs\TokenResponse.cs(5,19): warning CS8618: Non-Nullable-Eigenschaft ÔÇ×AccessTokenÔÇ£ muss beim Beenden des Konstruktors einen Wert ungleich NULL enthalten. F├╝gen Sie ggf. den ÔÇ×erforderlichenÔÇ£ Modifizierer hinzu, oder deklarieren Sie den Eigenschaft als NULL-Werte zulassend. [C:\Users\toyin\AICO\backend\src\AICO.Domain\AICO.Domain.csproj]
C:\Users\toyin\AICO\backend\src\AICO.Domain\DTOs\TokenResponse.cs(6,19): warning CS8618: Non-Nullable-Eigenschaft ÔÇ×RefreshTokenÔÇ£ muss beim Beenden des Konstruktors einen Wert ungleich NULL enthalten. F├╝gen Sie ggf. den ÔÇ×erforderlichenÔÇ£ Modifizierer hinzu, oder deklarieren Sie den Eigenschaft als NULL-Werte zulassend. [C:\Users\toyin\AICO\backend\src\AICO.Domain\AICO.Domain.csproj]
C:\Users\toyin\AICO\backend\src\AICO.Domain\DTOs\RevenueDto.cs(13,23): warning CS8618: Non-Nullable-Eigenschaft ÔÇ×CurrencyÔÇ£ muss beim Beenden des Konstruktors einen Wert ungleich NULL enthalten. F├╝gen Sie ggf. den ÔÇ×erforderlichenÔÇ£ Modifizierer hinzu, oder deklarieren Sie den Eigenschaft als NULL-Werte zulassend. [C:\Users\toyin\AICO\backend\src\AICO.Domain\AICO.Domain.csproj]
C:\Users\toyin\AICO\backend\src\AICO.Domain\DTOs\RevenueDto.cs(14,23): warning CS8618: Non-Nullable-Eigenschaft ÔÇ×SourceÔÇ£ muss beim Beenden des Konstruktors einen Wert ungleich NULL enthalten. F├╝gen Sie ggf. den ÔÇ×erforderlichenÔÇ£ Modifizierer hinzu, oder deklarieren Sie den Eigenschaft als NULL-Werte zulassend. [C:\Users\toyin\AICO\backend\src\AICO.Domain\AICO.Domain.csproj]
C:\Users\toyin\AICO\backend\src\AICO.Domain\DTOs\RevenueDto.cs(15,23): warning CS8618: Non-Nullable-Eigenschaft ÔÇ×TransactionIdÔÇ£ muss beim Beenden des Konstruktors einen Wert ungleich NULL enthalten. F├╝gen Sie ggf. den ÔÇ×erforderlichenÔÇ£ Modifizierer hinzu, oder deklarieren Sie den Eigenschaft als NULL-Werte zulassend. [C:\Users\toyin\AICO\backend\src\AICO.Domain\AICO.Domain.csproj]
C:\Users\toyin\AICO\backend\src\AICO.Domain\DTOs\RevenueDto.cs(16,23): warning CS8618: Non-Nullable-Eigenschaft ÔÇ×MetadataÔÇ£ muss beim Beenden des Konstruktors einen Wert ungleich NULL enthalten. F├╝gen Sie ggf. den ÔÇ×erforderlichenÔÇ£ Modifizierer hinzu, oder deklarieren Sie den Eigenschaft als NULL-Werte zulassend. [C:\Users\toyin\AICO\backend\src\AICO.Domain\AICO.Domain.csproj]
C:\Users\toyin\AICO\backend\src\AICO.Domain\ValueObjects\TestType.cs(58,70): warning CS8603: M├Âgliche Nullverweisr├╝ckgabe. [C:\Users\toyin\AICO\backend\src\AICO.Domain\AICO.Domain.csproj]
C:\Users\toyin\AICO\backend\src\AICO.Domain\ValueObjects\Money.cs(11,17): warning CS8618: Non-Nullable-Eigenschaft ÔÇ×CurrencyÔÇ£ muss beim Beenden des Konstruktors einen Wert ungleich NULL enthalten. F├╝gen Sie ggf. den ÔÇ×erforderlichenÔÇ£ Modifizierer hinzu, oder deklarieren Sie den Eigenschaft als NULL-Werte zulassend. [C:\Users\toyin\AICO\backend\src\AICO.Domain\AICO.Domain.csproj]
C:\Users\toyin\AICO\backend\src\AICO.Domain\DTOs\RevenueReportSource.cs(8,31): warning CS8618: Non-Nullable-Eigenschaft ÔÇ×MetricsÔÇ£ muss beim Beenden des Konstruktors einen Wert ungleich NULL enthalten. F├╝gen Sie ggf. den ÔÇ×erforderlichenÔÇ£ Modifizierer hinzu, oder deklarieren Sie den Eigenschaft als NULL-Werte zulassend. [C:\Users\toyin\AICO\backend\src\AICO.Domain\AICO.Domain.csproj]
C:\Users\toyin\AICO\backend\src\AICO.Domain\DTOs\RevenueReportSource.cs(10,23): warning CS8618: Non-Nullable-Eigenschaft ÔÇ×WinningVariantÔÇ£ muss beim Beenden des Konstruktors einen Wert ungleich NULL enthalten. F├╝gen Sie ggf. den ÔÇ×erforderlichenÔÇ£ Modifizierer hinzu, oder deklarieren Sie den Eigenschaft als NULL-Werte zulassend. [C:\Users\toyin\AICO\backend\src\AICO.Domain\AICO.Domain.csproj]
C:\Users\toyin\AICO\backend\src\AICO.Domain\Services\AnalysisService.cs(72,33): warning CS1998: In dieser Async-Methode fehlen die "await"-Operatoren, weshalb sie synchron ausgef├╝hrt wird. Sie sollten die Verwendung des "await"-Operators oder von "await Task.Run(...)" in Betracht ziehen, um auf nicht blockierende API-Aufrufe zu warten bzw. CPU-gebundene Aufgaben auf einem Hintergrundthread auszuf├╝hren. [C:\Users\toyin\AICO\backend\src\AICO.Domain\AICO.Domain.csproj]
C:\Users\toyin\AICO\backend\src\AICO.Domain\Services\AuditService.cs(46,41): warning CS8604: M├Âgliches Nullverweisargument f├╝r den Parameter "createdBy" in "void BaseEntity.SetAuditInfo(string createdBy, string? modifiedBy = null)". [C:\Users\toyin\AICO\backend\src\AICO.Domain\AICO.Domain.csproj]
C:\Users\toyin\AICO\backend\src\AICO.Domain\Services\AnalysisService.cs(106,20): warning CS8603: M├Âgliche Nullverweisr├╝ckgabe. [C:\Users\toyin\AICO\backend\src\AICO.Domain\AICO.Domain.csproj]
C:\Users\toyin\AICO\backend\src\AICO.Domain\Services\AnalysisService.cs(122,20): warning CS8603: M├Âgliche Nullverweisr├╝ckgabe. [C:\Users\toyin\AICO\backend\src\AICO.Domain\AICO.Domain.csproj]
C:\Users\toyin\AICO\backend\src\AICO.Domain\Services\CampaignService.cs(28,47): warning CS8604: M├Âgliches Nullverweisargument f├╝r den Parameter "description" in "Campaign.Campaign(string name, string description, Guid websiteId, Guid userId)". [C:\Users\toyin\AICO\backend\src\AICO.Domain\AICO.Domain.csproj]
C:\Users\toyin\AICO\backend\src\AICO.Domain\Services\RecommendationService.cs(30,43): warning CS1998: In dieser Async-Methode fehlen die "await"-Operatoren, weshalb sie synchron ausgef├╝hrt wird. Sie sollten die Verwendung des "await"-Operators oder von "await Task.Run(...)" in Betracht ziehen, um auf nicht blockierende API-Aufrufe zu warten bzw. CPU-gebundene Aufgaben auf einem Hintergrundthread auszuf├╝hren. [C:\Users\toyin\AICO\backend\src\AICO.Domain\AICO.Domain.csproj]
C:\Users\toyin\AICO\backend\src\AICO.Domain\Services\RecommendationService.cs(46,27): warning CS1998: In dieser Async-Methode fehlen die "await"-Operatoren, weshalb sie synchron ausgef├╝hrt wird. Sie sollten die Verwendung des "await"-Operators oder von "await Task.Run(...)" in Betracht ziehen, um auf nicht blockierende API-Aufrufe zu warten bzw. CPU-gebundene Aufgaben auf einem Hintergrundthread auszuf├╝hren. [C:\Users\toyin\AICO\backend\src\AICO.Domain\AICO.Domain.csproj]
C:\Users\toyin\AICO\backend\src\AICO.Domain\Entities\AbTestVariant.cs(72,16): warning CS8618: Non-Nullable-Eigenschaft ÔÇ×AbTestÔÇ£ muss beim Beenden des Konstruktors einen Wert ungleich NULL enthalten. F├╝gen Sie ggf. den ÔÇ×erforderlichenÔÇ£ Modifizierer hinzu, oder deklarieren Sie den Eigenschaft als NULL-Werte zulassend. [C:\Users\toyin\AICO\backend\src\AICO.Domain\AICO.Domain.csproj]
C:\Users\toyin\AICO\backend\src\AICO.Domain\Entities\User.cs(90,17): warning CS8618: Non-Nullable-Eigenschaft ÔÇ×EmailÔÇ£ muss beim Beenden des Konstruktors einen Wert ungleich NULL enthalten. F├╝gen Sie ggf. den ÔÇ×erforderlichenÔÇ£ Modifizierer hinzu, oder deklarieren Sie den Eigenschaft als NULL-Werte zulassend. [C:\Users\toyin\AICO\backend\src\AICO.Domain\AICO.Domain.csproj]
C:\Users\toyin\AICO\backend\src\AICO.Domain\Entities\User.cs(90,17): warning CS8618: Non-Nullable-Eigenschaft ÔÇ×UsernameÔÇ£ muss beim Beenden des Konstruktors einen Wert ungleich NULL enthalten. F├╝gen Sie ggf. den ÔÇ×erforderlichenÔÇ£ Modifizierer hinzu, oder deklarieren Sie den Eigenschaft als NULL-Werte zulassend. [C:\Users\toyin\AICO\backend\src\AICO.Domain\AICO.Domain.csproj]
C:\Users\toyin\AICO\backend\src\AICO.Domain\Entities\User.cs(90,17): warning CS8618: Non-Nullable-Eigenschaft ÔÇ×FirstNameÔÇ£ muss beim Beenden des Konstruktors einen Wert ungleich NULL enthalten. F├╝gen Sie ggf. den ÔÇ×erforderlichenÔÇ£ Modifizierer hinzu, oder deklarieren Sie den Eigenschaft als NULL-Werte zulassend. [C:\Users\toyin\AICO\backend\src\AICO.Domain\AICO.Domain.csproj]
C:\Users\toyin\AICO\backend\src\AICO.Domain\Entities\User.cs(90,17): warning CS8618: Non-Nullable-Eigenschaft ÔÇ×LastNameÔÇ£ muss beim Beenden des Konstruktors einen Wert ungleich NULL enthalten. F├╝gen Sie ggf. den ÔÇ×erforderlichenÔÇ£ Modifizierer hinzu, oder deklarieren Sie den Eigenschaft als NULL-Werte zulassend. [C:\Users\toyin\AICO\backend\src\AICO.Domain\AICO.Domain.csproj]
C:\Users\toyin\AICO\backend\src\AICO.Domain\Entities\User.cs(90,17): warning CS8618: Non-Nullable-Eigenschaft ÔÇ×PasswordHashÔÇ£ muss beim Beenden des Konstruktors einen Wert ungleich NULL enthalten. F├╝gen Sie ggf. den ÔÇ×erforderlichenÔÇ£ Modifizierer hinzu, oder deklarieren Sie den Eigenschaft als NULL-Werte zulassend. [C:\Users\toyin\AICO\backend\src\AICO.Domain\AICO.Domain.csproj]
C:\Users\toyin\AICO\backend\src\AICO.Domain\Entities\User.cs(90,17): warning CS8618: Non-Nullable-Eigenschaft ÔÇ×PasswordSaltÔÇ£ muss beim Beenden des Konstruktors einen Wert ungleich NULL enthalten. F├╝gen Sie ggf. den ÔÇ×erforderlichenÔÇ£ Modifizierer hinzu, oder deklarieren Sie den Eigenschaft als NULL-Werte zulassend. [C:\Users\toyin\AICO\backend\src\AICO.Domain\AICO.Domain.csproj]
C:\Users\toyin\AICO\backend\src\AICO.Domain\Entities\User.cs(90,17): warning CS8618: Non-Nullable-Eigenschaft ÔÇ×RoleÔÇ£ muss beim Beenden des Konstruktors einen Wert ungleich NULL enthalten. F├╝gen Sie ggf. den ÔÇ×erforderlichenÔÇ£ Modifizierer hinzu, oder deklarieren Sie den Eigenschaft als NULL-Werte zulassend. [C:\Users\toyin\AICO\backend\src\AICO.Domain\AICO.Domain.csproj]
C:\Users\toyin\AICO\backend\src\AICO.Domain\Entities\AbTest.cs(191,16): warning CS8618: Non-Nullable-Eigenschaft ÔÇ×CampaignÔÇ£ muss beim Beenden des Konstruktors einen Wert ungleich NULL enthalten. F├╝gen Sie ggf. den ÔÇ×erforderlichenÔÇ£ Modifizierer hinzu, oder deklarieren Sie den Eigenschaft als NULL-Werte zulassend. [C:\Users\toyin\AICO\backend\src\AICO.Domain\AICO.Domain.csproj]
C:\Users\toyin\AICO\backend\src\AICO.Domain\Entities\AbTest.cs(191,16): warning CS8618: Non-Nullable-Eigenschaft ÔÇ×WebsiteÔÇ£ muss beim Beenden des Konstruktors einen Wert ungleich NULL enthalten. F├╝gen Sie ggf. den ÔÇ×erforderlichenÔÇ£ Modifizierer hinzu, oder deklarieren Sie den Eigenschaft als NULL-Werte zulassend. [C:\Users\toyin\AICO\backend\src\AICO.Domain\AICO.Domain.csproj]
C:\Users\toyin\AICO\backend\src\AICO.Domain\Entities\AbTest.cs(217,16): warning CS8618: Non-Nullable-Eigenschaft ÔÇ×CampaignÔÇ£ muss beim Beenden des Konstruktors einen Wert ungleich NULL enthalten. F├╝gen Sie ggf. den ÔÇ×erforderlichenÔÇ£ Modifizierer hinzu, oder deklarieren Sie den Eigenschaft als NULL-Werte zulassend. [C:\Users\toyin\AICO\backend\src\AICO.Domain\AICO.Domain.csproj]
C:\Users\toyin\AICO\backend\src\AICO.Domain\Entities\AbTest.cs(217,16): warning CS8618: Non-Nullable-Eigenschaft ÔÇ×WebsiteÔÇ£ muss beim Beenden des Konstruktors einen Wert ungleich NULL enthalten. F├╝gen Sie ggf. den ÔÇ×erforderlichenÔÇ£ Modifizierer hinzu, oder deklarieren Sie den Eigenschaft als NULL-Werte zulassend. [C:\Users\toyin\AICO\backend\src\AICO.Domain\AICO.Domain.csproj]
C:\Users\toyin\AICO\backend\src\AICO.Domain\Entities\User.cs(121,29): warning CS8601: M├Âgliche Nullverweiszuweisung. [C:\Users\toyin\AICO\backend\src\AICO.Domain\AICO.Domain.csproj]
C:\Users\toyin\AICO\backend\src\AICO.Domain\Entities\User.cs(122,28): warning CS8601: M├Âgliche Nullverweiszuweisung. [C:\Users\toyin\AICO\backend\src\AICO.Domain\AICO.Domain.csproj]
C:\Users\toyin\AICO\backend\src\AICO.Domain\Entities\Campaign.cs(68,17): warning CS8618: Non-Nullable-Eigenschaft ÔÇ×NameÔÇ£ muss beim Beenden des Konstruktors einen Wert ungleich NULL enthalten. F├╝gen Sie ggf. den ÔÇ×erforderlichenÔÇ£ Modifizierer hinzu, oder deklarieren Sie den Eigenschaft als NULL-Werte zulassend. [C:\Users\toyin\AICO\backend\src\AICO.Domain\AICO.Domain.csproj]
C:\Users\toyin\AICO\backend\src\AICO.Domain\Entities\Campaign.cs(68,17): warning CS8618: Non-Nullable-Eigenschaft ÔÇ×DescriptionÔÇ£ muss beim Beenden des Konstruktors einen Wert ungleich NULL enthalten. F├╝gen Sie ggf. den ÔÇ×erforderlichenÔÇ£ Modifizierer hinzu, oder deklarieren Sie den Eigenschaft als NULL-Werte zulassend. [C:\Users\toyin\AICO\backend\src\AICO.Domain\AICO.Domain.csproj]
C:\Users\toyin\AICO\backend\src\AICO.Domain\Entities\Campaign.cs(68,17): warning CS8618: Non-Nullable-Eigenschaft ÔÇ×WebsiteÔÇ£ muss beim Beenden des Konstruktors einen Wert ungleich NULL enthalten. F├╝gen Sie ggf. den ÔÇ×erforderlichenÔÇ£ Modifizierer hinzu, oder deklarieren Sie den Eigenschaft als NULL-Werte zulassend. [C:\Users\toyin\AICO\backend\src\AICO.Domain\AICO.Domain.csproj]
C:\Users\toyin\AICO\backend\src\AICO.Domain\Entities\Campaign.cs(68,17): warning CS8618: Non-Nullable-Eigenschaft ÔÇ×UserÔÇ£ muss beim Beenden des Konstruktors einen Wert ungleich NULL enthalten. F├╝gen Sie ggf. den ÔÇ×erforderlichenÔÇ£ Modifizierer hinzu, oder deklarieren Sie den Eigenschaft als NULL-Werte zulassend. [C:\Users\toyin\AICO\backend\src\AICO.Domain\AICO.Domain.csproj]
C:\Users\toyin\AICO\backend\src\AICO.Domain\Entities\User.cs(137,25): warning CS8601: M├Âgliche Nullverweiszuweisung. [C:\Users\toyin\AICO\backend\src\AICO.Domain\AICO.Domain.csproj]
C:\Users\toyin\AICO\backend\src\AICO.Domain\Entities\User.cs(138,24): warning CS8601: M├Âgliche Nullverweiszuweisung. [C:\Users\toyin\AICO\backend\src\AICO.Domain\AICO.Domain.csproj]
C:\Users\toyin\AICO\backend\src\AICO.Domain\Entities\Campaign.cs(73,16): warning CS8618: Non-Nullable-Eigenschaft ÔÇ×WebsiteÔÇ£ muss beim Beenden des Konstruktors einen Wert ungleich NULL enthalten. F├╝gen Sie ggf. den ÔÇ×erforderlichenÔÇ£ Modifizierer hinzu, oder deklarieren Sie den Eigenschaft als NULL-Werte zulassend. [C:\Users\toyin\AICO\backend\src\AICO.Domain\AICO.Domain.csproj]
C:\Users\toyin\AICO\backend\src\AICO.Domain\Entities\Campaign.cs(73,16): warning CS8618: Non-Nullable-Eigenschaft ÔÇ×UserÔÇ£ muss beim Beenden des Konstruktors einen Wert ungleich NULL enthalten. F├╝gen Sie ggf. den ÔÇ×erforderlichenÔÇ£ Modifizierer hinzu, oder deklarieren Sie den Eigenschaft als NULL-Werte zulassend. [C:\Users\toyin\AICO\backend\src\AICO.Domain\AICO.Domain.csproj]
C:\Users\toyin\AICO\backend\src\AICO.Domain\Entities\BaseEntity.cs(48,23): warning CS8618: Non-Nullable-Eigenschaft ÔÇ×RowVersionÔÇ£ muss beim Beenden des Konstruktors einen Wert ungleich NULL enthalten. F├╝gen Sie ggf. den ÔÇ×erforderlichenÔÇ£ Modifizierer hinzu, oder deklarieren Sie den Eigenschaft als NULL-Werte zulassend. [C:\Users\toyin\AICO\backend\src\AICO.Domain\AICO.Domain.csproj]
C:\Users\toyin\AICO\backend\src\AICO.Domain\Entities\Metric.cs(57,17): warning CS8618: Non-Nullable-Eigenschaft ÔÇ×NameÔÇ£ muss beim Beenden des Konstruktors einen Wert ungleich NULL enthalten. F├╝gen Sie ggf. den ÔÇ×erforderlichenÔÇ£ Modifizierer hinzu, oder deklarieren Sie den Eigenschaft als NULL-Werte zulassend. [C:\Users\toyin\AICO\backend\src\AICO.Domain\AICO.Domain.csproj]
C:\Users\toyin\AICO\backend\src\AICO.Domain\Entities\Metric.cs(57,17): warning CS8618: Non-Nullable-Eigenschaft ÔÇ×CategoryÔÇ£ muss beim Beenden des Konstruktors einen Wert ungleich NULL enthalten. F├╝gen Sie ggf. den ÔÇ×erforderlichenÔÇ£ Modifizierer hinzu, oder deklarieren Sie den Eigenschaft als NULL-Werte zulassend. [C:\Users\toyin\AICO\backend\src\AICO.Domain\AICO.Domain.csproj]
C:\Users\toyin\AICO\backend\src\AICO.Domain\Entities\Recommendation.cs(92,17): warning CS8618: Non-Nullable-Eigenschaft ÔÇ×RecommendationTypeÔÇ£ muss beim Beenden des Konstruktors einen Wert ungleich NULL enthalten. F├╝gen Sie ggf. den ÔÇ×erforderlichenÔÇ£ Modifizierer hinzu, oder deklarieren Sie den Eigenschaft als NULL-Werte zulassend. [C:\Users\toyin\AICO\backend\src\AICO.Domain\AICO.Domain.csproj]
C:\Users\toyin\AICO\backend\src\AICO.Domain\Entities\Recommendation.cs(92,17): warning CS8618: Non-Nullable-Eigenschaft ÔÇ×TitleÔÇ£ muss beim Beenden des Konstruktors einen Wert ungleich NULL enthalten. F├╝gen Sie ggf. den ÔÇ×erforderlichenÔÇ£ Modifizierer hinzu, oder deklarieren Sie den Eigenschaft als NULL-Werte zulassend. [C:\Users\toyin\AICO\backend\src\AICO.Domain\AICO.Domain.csproj]
C:\Users\toyin\AICO\backend\src\AICO.Domain\Entities\Recommendation.cs(92,17): warning CS8618: Non-Nullable-Eigenschaft ÔÇ×DescriptionÔÇ£ muss beim Beenden des Konstruktors einen Wert ungleich NULL enthalten. F├╝gen Sie ggf. den ÔÇ×erforderlichenÔÇ£ Modifizierer hinzu, oder deklarieren Sie den Eigenschaft als NULL-Werte zulassend. [C:\Users\toyin\AICO\backend\src\AICO.Domain\AICO.Domain.csproj]
C:\Users\toyin\AICO\backend\src\AICO.Domain\Entities\Revenue.cs(94,17): warning CS8618: Non-Nullable-Eigenschaft ÔÇ×SourceÔÇ£ muss beim Beenden des Konstruktors einen Wert ungleich NULL enthalten. F├╝gen Sie ggf. den ÔÇ×erforderlichenÔÇ£ Modifizierer hinzu, oder deklarieren Sie den Eigenschaft als NULL-Werte zulassend. [C:\Users\toyin\AICO\backend\src\AICO.Domain\AICO.Domain.csproj]
C:\Users\toyin\AICO\backend\src\AICO.Domain\Services\AbTestService.cs(63,27): error CS0103: Der Name "TestType" ist im aktuellen Kontext nicht vorhanden. [C:\Users\toyin\AICO\backend\src\AICO.Domain\AICO.Domain.csproj]
C:\Users\toyin\AICO\backend\src\AICO.Domain\Services\AbTestService.cs(82,21): error CS0272: Die Eigenschaft oder der Indexer "Variant.AbTestId" kann in diesem Kontext nicht verwendet werden, da nicht auf den set-Accessor zugegriffen werden kann. [C:\Users\toyin\AICO\backend\src\AICO.Domain\AICO.Domain.csproj]
C:\Users\toyin\AICO\backend\src\AICO.Domain\Services\VariantGenerationService.cs(126,114): error CS1061: "VariantGenerationRequest" enth├ñlt keine Definition f├╝r "NumberOfVariants", und es konnte keine zug├ñngliche NumberOfVariants-Erweiterungsmethode gefunden werden, die ein erstes Argument vom Typ "VariantGenerationRequest" akzeptiert (m├Âglicherweise fehlt eine using-Direktive oder ein Assemblyverweis). [C:\Users\toyin\AICO\backend\src\AICO.Domain\AICO.Domain.csproj]
C:\Users\toyin\AICO\backend\src\AICO.Domain\Services\VariantGenerationService.cs(126,140): error CS1061: "VariantGenerationRequest" enth├ñlt keine Definition f├╝r "GenerationPrompt", und es konnte keine zug├ñngliche GenerationPrompt-Erweiterungsmethode gefunden werden, die ein erstes Argument vom Typ "VariantGenerationRequest" akzeptiert (m├Âglicherweise fehlt eine using-Direktive oder ein Assemblyverweis). [C:\Users\toyin\AICO\backend\src\AICO.Domain\AICO.Domain.csproj]
C:\Users\toyin\AICO\backend\src\AICO.Domain\Services\VariantGenerationService.cs(131,39): error CS0122: 'Der Zugriff auf "Variant.Variant()" ist aufgrund des Schutzgrads nicht m├Âglich. [C:\Users\toyin\AICO\backend\src\AICO.Domain\AICO.Domain.csproj]
C:\Users\toyin\AICO\backend\src\AICO.Domain\Services\VariantGenerationService.cs(133,25): error CS0272: Die Eigenschaft oder der Indexer "Variant.Name" kann in diesem Kontext nicht verwendet werden, da nicht auf den set-Accessor zugegriffen werden kann. [C:\Users\toyin\AICO\backend\src\AICO.Domain\AICO.Domain.csproj]
C:\Users\toyin\AICO\backend\src\AICO.Domain\Services\VariantGenerationService.cs(134,25): error CS0117: "Variant" enth├ñlt keine Definition f├╝r "HtmlContent". [C:\Users\toyin\AICO\backend\src\AICO.Domain\AICO.Domain.csproj]
C:\Users\toyin\AICO\backend\src\AICO.Domain\Services\VariantGenerationService.cs(135,25): error CS0272: Die Eigenschaft oder der Indexer "Variant.AbTestId" kann in diesem Kontext nicht verwendet werden, da nicht auf den set-Accessor zugegriffen werden kann. [C:\Users\toyin\AICO\backend\src\AICO.Domain\AICO.Domain.csproj]
C:\Users\toyin\AICO\backend\src\AICO.Domain\Services\VariantGenerationService.cs(135,44): error CS1061: "VariantGenerationRequest" enth├ñlt keine Definition f├╝r "AbTestId", und es konnte keine zug├ñngliche AbTestId-Erweiterungsmethode gefunden werden, die ein erstes Argument vom Typ "VariantGenerationRequest" akzeptiert (m├Âglicherweise fehlt eine using-Direktive oder ein Assemblyverweis). [C:\Users\toyin\AICO\backend\src\AICO.Domain\AICO.Domain.csproj]
C:\Users\toyin\AICO\backend\src\AICO.Domain\Services\VariantGenerationService.cs(136,25): error CS0272: Die Eigenschaft oder der Indexer "Variant.IsControl" kann in diesem Kontext nicht verwendet werden, da nicht auf den set-Accessor zugegriffen werden kann. [C:\Users\toyin\AICO\backend\src\AICO.Domain\AICO.Domain.csproj]
C:\Users\toyin\AICO\backend\src\AICO.Domain\Services\VariantGenerationService.cs(137,25): error CS0117: "Variant" enth├ñlt keine Definition f├╝r "TrafficSplitPercentage". [C:\Users\toyin\AICO\backend\src\AICO.Domain\AICO.Domain.csproj]
C:\Users\toyin\AICO\backend\src\AICO.Domain\Services\VariantGenerationService.cs(159,31): error CS0122: 'Der Zugriff auf "Variant.Variant()" ist aufgrund des Schutzgrads nicht m├Âglich. [C:\Users\toyin\AICO\backend\src\AICO.Domain\AICO.Domain.csproj]
C:\Users\toyin\AICO\backend\src\AICO.Domain\Services\VariantGenerationService.cs(161,17): error CS0272: Die Eigenschaft oder der Indexer "Variant.Name" kann in diesem Kontext nicht verwendet werden, da nicht auf den set-Accessor zugegriffen werden kann. [C:\Users\toyin\AICO\backend\src\AICO.Domain\AICO.Domain.csproj]
C:\Users\toyin\AICO\backend\src\AICO.Domain\Services\VariantGenerationService.cs(162,17): error CS0117: "Variant" enth├ñlt keine Definition f├╝r "HtmlContent". [C:\Users\toyin\AICO\backend\src\AICO.Domain\AICO.Domain.csproj]
C:\Users\toyin\AICO\backend\src\AICO.Domain\Services\VariantGenerationService.cs(163,17): error CS0117: "Variant" enth├ñlt keine Definition f├╝r "Description". [C:\Users\toyin\AICO\backend\src\AICO.Domain\AICO.Domain.csproj]
C:\Users\toyin\AICO\backend\src\AICO.Domain\Services\VariantGenerationService.cs(164,17): error CS0272: Die Eigenschaft oder der Indexer "Variant.AbTestId" kann in diesem Kontext nicht verwendet werden, da nicht auf den set-Accessor zugegriffen werden kann. [C:\Users\toyin\AICO\backend\src\AICO.Domain\AICO.Domain.csproj]
C:\Users\toyin\AICO\backend\src\AICO.Domain\Services\VariantGenerationService.cs(165,17): error CS0272: Die Eigenschaft oder der Indexer "Variant.IsControl" kann in diesem Kontext nicht verwendet werden, da nicht auf den set-Accessor zugegriffen werden kann. [C:\Users\toyin\AICO\backend\src\AICO.Domain\AICO.Domain.csproj]
C:\Users\toyin\AICO\backend\src\AICO.Domain\Services\VariantGenerationService.cs(166,17): error CS0117: "Variant" enth├ñlt keine Definition f├╝r "TrafficSplitPercentage". [C:\Users\toyin\AICO\backend\src\AICO.Domain\AICO.Domain.csproj]
C:\Users\toyin\AICO\backend\src\AICO.Domain\Services\VariantGenerationService.cs(177,37): error CS1061: "IAIService" enth├ñlt keine Definition f├╝r "AnalyzePageAsync", und es konnte keine zug├ñngliche AnalyzePageAsync-Erweiterungsmethode gefunden werden, die ein erstes Argument vom Typ "IAIService" akzeptiert (m├Âglicherweise fehlt eine using-Direktive oder ein Assemblyverweis). [C:\Users\toyin\AICO\backend\src\AICO.Domain\AICO.Domain.csproj]
C:\Users\toyin\AICO\backend\src\AICO.Domain\Services\VariantGenerationService.cs(183,37): error CS1061: "IAIService" enth├ñlt keine Definition f├╝r "GenerateCopyAsync", und es konnte keine zug├ñngliche GenerateCopyAsync-Erweiterungsmethode gefunden werden, die ein erstes Argument vom Typ "IAIService" akzeptiert (m├Âglicherweise fehlt eine using-Direktive oder ein Assemblyverweis). [C:\Users\toyin\AICO\backend\src\AICO.Domain\AICO.Domain.csproj]
C:\Users\toyin\AICO\backend\src\AICO.Domain\Services\VariantGenerationService.cs(189,37): error CS1061: "IAIService" enth├ñlt keine Definition f├╝r "GenerateHeadlinesAsync", und es konnte keine zug├ñngliche GenerateHeadlinesAsync-Erweiterungsmethode gefunden werden, die ein erstes Argument vom Typ "IAIService" akzeptiert (m├Âglicherweise fehlt eine using-Direktive oder ein Assemblyverweis). [C:\Users\toyin\AICO\backend\src\AICO.Domain\AICO.Domain.csproj]
C:\Users\toyin\AICO\backend\src\AICO.Domain\Services\VariantGenerationService.cs(195,37): error CS1061: "IAIService" enth├ñlt keine Definition f├╝r "GenerateCtasAsync", und es konnte keine zug├ñngliche GenerateCtasAsync-Erweiterungsmethode gefunden werden, die ein erstes Argument vom Typ "IAIService" akzeptiert (m├Âglicherweise fehlt eine using-Direktive oder ein Assemblyverweis). [C:\Users\toyin\AICO\backend\src\AICO.Domain\AICO.Domain.csproj]
C:\Users\toyin\AICO\backend\src\AICO.Domain\Services\VariantGenerationService.cs(213,77): error CS0117: "VariantPerformancePrediction" enth├ñlt keine Definition f├╝r "PredictedConversionRate". [C:\Users\toyin\AICO\backend\src\AICO.Domain\AICO.Domain.csproj]
C:\Users\toyin\AICO\backend\src\AICO.Domain\Services\VariantGenerationService.cs(230,13): error CS0272: Die Eigenschaft oder der Indexer "Variant.Conversions" kann in diesem Kontext nicht verwendet werden, da nicht auf den set-Accessor zugegriffen werden kann. [C:\Users\toyin\AICO\backend\src\AICO.Domain\AICO.Domain.csproj]
C:\Users\toyin\AICO\backend\src\AICO.Domain\Services\AbTestService.cs(123,17): error CS0266: Der Typ "decimal" kann nicht implizit in "int" konvertiert werden. Es ist bereits eine explizite Konvertierung vorhanden (m├Âglicherweise fehlt eine Umwandlung). [C:\Users\toyin\AICO\backend\src\AICO.Domain\AICO.Domain.csproj]
    46 Warnung(en)
    25 Fehler

Verstrichene Zeit 00:00:15.35
